Component: ARM Compiler 5.06 update 6 (build 750) Tool: armlink [4d35ed]

==============================================================================

Section Cross References

    startup_stm32f103xb.o(STACK) refers (Special) to heapauxi.o(.text) for __use_two_region_memory
    startup_stm32f103xb.o(HEAP) refers (Special) to heapauxi.o(.text) for __use_two_region_memory
    startup_stm32f103xb.o(RESET) refers (Special) to heapauxi.o(.text) for __use_two_region_memory
    startup_stm32f103xb.o(RESET) refers to startup_stm32f103xb.o(STACK) for __initial_sp
    startup_stm32f103xb.o(RESET) refers to startup_stm32f103xb.o(.text) for Reset_Handler
    startup_stm32f103xb.o(RESET) refers to stm32f1xx_it.o(i.NMI_Handler) for NMI_Handler
    startup_stm32f103xb.o(RESET) refers to stm32f1xx_it.o(i.HardFault_Handler) for HardFault_Handler
    startup_stm32f103xb.o(RESET) refers to stm32f1xx_it.o(i.MemManage_Handler) for MemManage_Handler
    startup_stm32f103xb.o(RESET) refers to stm32f1xx_it.o(i.BusFault_Handler) for BusFault_Handler
    startup_stm32f103xb.o(RESET) refers to stm32f1xx_it.o(i.UsageFault_Handler) for UsageFault_Handler
    startup_stm32f103xb.o(RESET) refers to stm32f1xx_it.o(i.SVC_Handler) for SVC_Handler
    startup_stm32f103xb.o(RESET) refers to stm32f1xx_it.o(i.DebugMon_Handler) for DebugMon_Handler
    startup_stm32f103xb.o(RESET) refers to stm32f1xx_it.o(i.PendSV_Handler) for PendSV_Handler
    startup_stm32f103xb.o(RESET) refers to stm32f1xx_it.o(i.SysTick_Handler) for SysTick_Handler
    startup_stm32f103xb.o(RESET) refers to stm32f1xx_it.o(i.DMA1_Channel1_IRQHandler) for DMA1_Channel1_IRQHandler
    startup_stm32f103xb.o(RESET) refers to stm32f1xx_it.o(i.TIM3_IRQHandler) for TIM3_IRQHandler
    startup_stm32f103xb.o(.text) refers (Special) to heapauxi.o(.text) for __use_two_region_memory
    startup_stm32f103xb.o(.text) refers to system_stm32f1xx.o(i.SystemInit) for SystemInit
    startup_stm32f103xb.o(.text) refers to __main.o(!!!main) for __main
    startup_stm32f103xb.o(.text) refers to startup_stm32f103xb.o(HEAP) for Heap_Mem
    startup_stm32f103xb.o(.text) refers to startup_stm32f103xb.o(STACK) for Stack_Mem
    clcd_i2c.o(i.CLCD_I2C_BlinkOff) refers to clcd_i2c.o(i.CLCD_WriteI2C) for CLCD_WriteI2C
    clcd_i2c.o(i.CLCD_I2C_BlinkOn) refers to clcd_i2c.o(i.CLCD_WriteI2C) for CLCD_WriteI2C
    clcd_i2c.o(i.CLCD_I2C_Clear) refers to clcd_i2c.o(i.CLCD_WriteI2C) for CLCD_WriteI2C
    clcd_i2c.o(i.CLCD_I2C_Clear) refers to stm32f1xx_hal.o(i.HAL_Delay) for HAL_Delay
    clcd_i2c.o(i.CLCD_I2C_CreateChar) refers to clcd_i2c.o(i.CLCD_WriteI2C) for CLCD_WriteI2C
    clcd_i2c.o(i.CLCD_I2C_CursorOff) refers to clcd_i2c.o(i.CLCD_WriteI2C) for CLCD_WriteI2C
    clcd_i2c.o(i.CLCD_I2C_CursorOn) refers to clcd_i2c.o(i.CLCD_WriteI2C) for CLCD_WriteI2C
    clcd_i2c.o(i.CLCD_I2C_Init) refers to stm32f1xx_hal.o(i.HAL_Delay) for HAL_Delay
    clcd_i2c.o(i.CLCD_I2C_Init) refers to clcd_i2c.o(i.CLCD_WriteI2C) for CLCD_WriteI2C
    clcd_i2c.o(i.CLCD_I2C_ReturnHome) refers to clcd_i2c.o(i.CLCD_WriteI2C) for CLCD_WriteI2C
    clcd_i2c.o(i.CLCD_I2C_ReturnHome) refers to stm32f1xx_hal.o(i.HAL_Delay) for HAL_Delay
    clcd_i2c.o(i.CLCD_I2C_SetCursor) refers to clcd_i2c.o(i.CLCD_WriteI2C) for CLCD_WriteI2C
    clcd_i2c.o(i.CLCD_I2C_WriteChar) refers to clcd_i2c.o(i.CLCD_WriteI2C) for CLCD_WriteI2C
    clcd_i2c.o(i.CLCD_I2C_WriteFloat) refers to _printf_percent.o(.ARM.Collect$$_printf_percent$$00000000) for _printf_percent
    clcd_i2c.o(i.CLCD_I2C_WriteFloat) refers to _printf_d.o(.ARM.Collect$$_printf_percent$$00000009) for _printf_d
    clcd_i2c.o(i.CLCD_I2C_WriteFloat) refers to _printf_dec.o(.text) for _printf_int_dec
    clcd_i2c.o(i.CLCD_I2C_WriteFloat) refers to _printf_pad.o(.text) for _printf_pre_padding
    clcd_i2c.o(i.CLCD_I2C_WriteFloat) refers to _printf_f.o(.ARM.Collect$$_printf_percent$$00000003) for _printf_f
    clcd_i2c.o(i.CLCD_I2C_WriteFloat) refers to _printf_e.o(.ARM.Collect$$_printf_percent$$00000004) for _printf_e
    clcd_i2c.o(i.CLCD_I2C_WriteFloat) refers to _printf_g.o(.ARM.Collect$$_printf_percent$$00000005) for _printf_g
    clcd_i2c.o(i.CLCD_I2C_WriteFloat) refers to _printf_a.o(.ARM.Collect$$_printf_percent$$00000006) for _printf_a
    clcd_i2c.o(i.CLCD_I2C_WriteFloat) refers to printf2.o(x$fpl$printf2) for _printf_fp_hex
    clcd_i2c.o(i.CLCD_I2C_WriteFloat) refers to printf1.o(x$fpl$printf1) for _printf_fp_dec
    clcd_i2c.o(i.CLCD_I2C_WriteFloat) refers to noretval__2sprintf.o(.text) for __2sprintf
    clcd_i2c.o(i.CLCD_I2C_WriteFloat) refers to f2d.o(x$fpl$f2d) for __aeabi_f2d
    clcd_i2c.o(i.CLCD_I2C_WriteFloat) refers to clcd_i2c.o(i.CLCD_I2C_WriteString) for CLCD_I2C_WriteString
    clcd_i2c.o(i.CLCD_I2C_WriteInt) refers to _printf_percent.o(.ARM.Collect$$_printf_percent$$00000000) for _printf_percent
    clcd_i2c.o(i.CLCD_I2C_WriteInt) refers to _printf_d.o(.ARM.Collect$$_printf_percent$$00000009) for _printf_d
[...]
    ..\Drivers\STM32F1xx_HAL_Driver\Src\stm32f1xx_hal_rcc.c 0x00000000   Number         0  stm32f1xx_hal_rcc.o ABSOLUTE
    ..\Drivers\STM32F1xx_HAL_Driver\Src\stm32f1xx_hal_rcc_ex.c 0x00000000   Number         0  stm32f1xx_hal_rcc_ex.o ABSOLUTE
    ..\Drivers\STM32F1xx_HAL_Driver\Src\stm32f1xx_hal_spi.c 0x00000000   Number         0  stm32f1xx_hal_spi.o ABSOLUTE
    ..\Drivers\STM32F1xx_HAL_Driver\Src\stm32f1xx_hal_tim.c 0x00000000   Number         0  stm32f1xx_hal_tim.o ABSOLUTE
    ..\Drivers\STM32F1xx_HAL_Driver\Src\stm32f1xx_hal_tim_ex.c 0x00000000   Number         0  stm32f1xx_hal_tim_ex.o ABSOLUTE
    C:\Users\Admin\Downloads\CLCD_I2C.c      0x00000000   Number         0  clcd_i2c.o ABSOLUTE
    C:\\Users\\Admin\\Downloads\\CLCD_I2C.c  0x00000000   Number         0  clcd_i2c.o ABSOLUTE
    dc.s                                     0x00000000   Number         0  dc.o ABSOLUTE
    startup_stm32f103xb.s                    0x00000000   Number         0  startup_stm32f103xb.o ABSOLUTE
    RESET                                    0x08000000   Section      236  startup_stm32f103xb.o(RESET)
    !!!main                                  0x080000ec   Section        8  __main.o(!!!main)
    !!!scatter                               0x080000f4   Section       52  __scatter.o(!!!scatter)
    !!handler_copy                           0x08000128   Section       26  __scatter_copy.o(!!handler_copy)
    !!handler_zi                             0x08000144   Section       28  __scatter_zi.o(!!handler_zi)
    .ARM.Collect$$_printf_percent$$00000000  0x08000160   Section        0  _printf_percent.o(.ARM.Collect$$_printf_percent$$00000000)
    .ARM.Collect$$_printf_percent$$00000009  0x08000160   Section        6  _printf_d.o(.ARM.Collect$$_printf_percent$$00000009)
    .ARM.Collect$$_printf_percent$$00000017  0x08000166   Section        4  _printf_percent_end.o(.ARM.Collect$$_printf_percent$$00000017)
    .ARM.Collect$$libinit$$00000000          0x0800016a   Section        2  libinit.o(.ARM.Collect$$libinit$$00000000)
    .ARM.Collect$$libinit$$00000002          0x0800016c   Section        0  libinit2.o(.ARM.Collect$$libinit$$00000002)
    .ARM.Collect$$libinit$$00000004          0x0800016c   Section        0  libinit2.o(.ARM.Collect$$libinit$$00000004)
    .ARM.Collect$$libinit$$0000000A          0x0800016c   Section        0  libinit2.o(.ARM.Collect$$libinit$$0000000A)
    .ARM.Collect$$libinit$$0000000C          0x0800016c   Section        0  libinit2.o(.ARM.Collect$$libinit$$0000000C)
    .ARM.Collect$$libinit$$0000000E          0x0800016c   Section        0  libinit2.o(.ARM.Collect$$libinit$$0000000E)
    .ARM.Collect$$libinit$$00000011          0x0800016c   Section        0  libinit2.o(.ARM.Collect$$libinit$$00000011)
    .ARM.Collect$$libinit$$00000013          0x0800016c   Section        0  libinit2.o(.ARM.Collect$$libinit$$00000013)
    .ARM.Collect$$libinit$$00000015          0x0800016c   Section        0  libinit2.o(.ARM.Collect$$libinit$$00000015)
    .ARM.Collect$$libinit$$00000017          0x0800016c   Section        0  libinit2.o(.ARM.Collect$$libinit$$00000017)
    .ARM.Collect$$libinit$$00000019          0x0800016c   Section        0  libinit2.o(.ARM.Collect$$libinit$$00000019)
    .ARM.Collect$$libinit$$0000001B          0x0800016c   Section        0  libinit2.o(.ARM.Collect$$libinit$$0000001B)
    .ARM.Collect$$libinit$$0000001D          0x0800016c   Section        0  libinit2.o(.ARM.Collect$$libinit$$0000001D)
    .ARM.Collect$$libinit$$0000001F          0x0800016c   Section        0  libinit2.o(.ARM.Collect$$libinit$$0000001F)
    .ARM.Collect$$libinit$$00000021          0x0800016c   Section        0  libinit2.o(.ARM.Collect$$libinit$$00000021)
    .ARM.Collect$$libinit$$00000023          0x0800016c   Section        0  libinit2.o(.ARM.Collect$$libinit$$00000023)
    .ARM.Collect$$libinit$$00000025          0x0800016c   Section        0  libinit2.o(.ARM.Collect$$libinit$$00000025)
    .ARM.Collect$$libinit$$0000002C          0x0800016c   Section        0  libinit2.o(.ARM.Collect$$libinit$$0000002C)
    .ARM.Collect$$libinit$$0000002E          0x0800016c   Section        0  libinit2.o(.ARM.Collect$$libinit$$0000002E)
    .ARM.Collect$$libinit$$00000030          0x0800016c   Section        0  libinit2.o(.ARM.Collect$$libinit$$00000030)
    .ARM.Collect$$libinit$$00000032          0x0800016c   Section        0  libinit2.o(.ARM.Collect$$libinit$$00000032)
    .ARM.Collect$$libinit$$00000033          0x0800016c   Section        2  libinit2.o(.ARM.Collect$$libinit$$00000033)
    .ARM.Collect$$libshutdown$$00000000      0x0800016e   Section        2  libshutdown.o(.ARM.Collect$$libshutdown$$00000000)
    .ARM.Collect$$libshutdown$$00000002      0x08000170   Section        0  libshutdown2.o(.ARM.Collect$$libshutdown$$00000002)
    .ARM.Collect$$libshutdown$$00000004      0x08000170   Section        0  libshutdown2.o(.ARM.Collect$$libshutdown$$00000004)
    .ARM.Collect$$libshutdown$$00000007      0x08000170   Section        0  libshutdown2.o(.ARM.Collect$$libshutdown$$00000007)
    .ARM.Collect$$libshutdown$$0000000A      0x08000170   Section        0  libshutdown2.o(.ARM.Collect$$libshutdown$$0000000A)
    .ARM.Collect$$libshutdown$$0000000C      0x08000170   Section        0  libshutdown2.o(.ARM.Collect$$libshutdown$$0000000C)
    .ARM.Collect$$libshutdown$$0000000F      0x08000170   Section        0  libshutdown2.o(.ARM.Collect$$libshutdown$$0000000F)
    .ARM.Collect$$libshutdown$$00000010      0x08000170   Section        2  libshutdown2.o(.ARM.Collect$$libshutdown$$00000010)
    .ARM.Collect$$rtentry$$00000000          0x08000172   Section        0  __rtentry.o(.ARM.Collect$$rtentry$$00000000)
    .ARM.Collect$$rtentry$$00000002          0x08000172   Section        0  __rtentry2.o(.ARM.Collect$$rtentry$$00000002)
    .ARM.Collect$$rtentry$$00000004          0x08000172   Section        6  __rtentry4.o(.ARM.Collect$$rtentry$$00000004)
    .ARM.Collect$$rtentry$$00000009          0x08000178   Section        0  __rtentry2.o(.ARM.Collect$$rtentry$$00000009)
    .ARM.Collect$$rtentry$$0000000A          0x08000178   Section        4  __rtentry2.o(.ARM.Collect$$rtentry$$0000000A)
    .ARM.Collect$$rtentry$$0000000C          0x0800017c   Section        0  __rtentry2.o(.ARM.Collect$$rtentry$$0000000C)
    .ARM.Collect$$rtentry$$0000000D          0x0800017c   Section        8  __rtentry2.o(.ARM.Collect$$rtentry$$0000000D)
    .ARM.Collect$$rtexit$$00000000           0x08000184   Section        2  rtexit.o(.ARM.Collect$$rtexit$$00000000)
    .ARM.Collect$$rtexit$$00000002           0x08000186   Section        0  rtexit2.o(.ARM.Collect$$rtexit$$00000002)
    .ARM.Collect$$rtexit$$00000003           0x08000186   Section        4  rtexit2.o(.ARM.Collect$$rtexit$$00000003)
    .ARM.Collect$$rtexit$$00000004           0x0800018a   Section        6  rtexit2.o(.ARM.Collect$$rtexit$$00000004)
    .text                                    0x08000190   Section       64  startup_stm32f103xb.o(.text)
    .text                                    0x080001d0   Section        0  noretval__2sprintf.o(.text)
    .text                                    0x080001f8   Section        0  _printf_pad.o(.text)
    .text                                    0x08000248   Section        0  _printf_dec.o(.text)
    .text                                    0x080002c0   Section        0  __printf_flags_ss_wp.o(.text)
    .text                                    0x08000448   Section       78  rt_memclr_w.o(.text)
    .text                                    0x08000496   Section        0  heapauxi.o(.text)
    .text                                    0x0800049c   Section        0  _printf_intcommon.o(.text)
    .text                                    0x08000550   Section        0  _printf_char_common.o(.text)
    _printf_input_char                       0x08000551   Thumb Code    10  _printf_char_common.o(.text)
    .text                                    0x08000580   Section        0  _sputc.o(.text)
    .text                                    0x0800058c   Section        8  libspace.o(.text)
    .text                                    0x08000594   Section       74  sys_stackheap_outer.o(.text)
    .text                                    0x080005de   Section        0  exit.o(.text)
    .text                                    0x080005f0   Section        0  sys_exit.o(.text)
    .text                                    0x080005fc   Section        2  use_no_semi.o(.text)
    .text                                    0x080005fe   Section        0  indicate_semi.o(.text)
    i.ADC_ConversionStop_Disable             0x08000600   Section        0  stm32f1xx_hal_adc.o(i.ADC_ConversionStop_Disable)
    i.ADC_DMAConvCplt                        0x08000656   Section        0  stm32f1xx_hal_adc.o(i.ADC_DMAConvCplt)
    i.ADC_DMAError                           0x080006a4   Section        0  stm32f1xx_hal_adc.o(i.ADC_DMAError)
    i.ADC_DMAHalfConvCplt                    0x080006be   Section        0  stm32f1xx_hal_adc.o(i.ADC_DMAHalfConvCplt)
    i.ADC_Enable                             0x080006c8   Section        0  stm32f1xx_hal_adc.o(i.ADC_Enable)
    i.BigNum0                                0x08000744   Section        0  main.o(i.BigNum0)
    i.BigNum1                                0x08000790   Section        0  main.o(i.BigNum1)
    i.BigNum2                                0x080007dc   Section        0  main.o(i.BigNum2)
    i.BigNum3                                0x08000828   Section        0  main.o(i.BigNum3)
    i.BigNum4                                0x08000874   Section        0  main.o(i.BigNum4)
    i.BigNum5                                0x080008c0   Section        0  main.o(i.BigNum5)
    i.BigNum6                                0x0800090c   Section        0  main.o(i.BigNum6)
    i.BigNum7                                0x08000958   Section        0  main.o(i.BigNum7)
    i.BigNum8                                0x080009a4   Section        0  main.o(i.BigNum8)
    i.BusFault_Handler                       0x080009f0   Section        0  stm32f1xx_it.o(i.BusFault_Handler)
    i.CLCD_I2C_Clear                         0x080009f2   Section        0  clcd_i2c.o(i.CLCD_I2C_Clear)
    i.CLCD_I2C_CreateChar                    0x08000a06   Section        0  clcd_i2c.o(i.CLCD_I2C_CreateChar)
    i.CLCD_I2C_Init                          0x08000a32   Section        0  clcd_i2c.o(i.CLCD_I2C_Init)
    i.CLCD_I2C_SetCursor                     0x08000ad4   Section        0  clcd_i2c.o(i.CLCD_I2C_SetCursor)
    i.CLCD_I2C_WriteChar                     0x08000b18   Section        0  clcd_i2c.o(i.CLCD_I2C_WriteChar)
    i.CLCD_I2C_WriteIntFixed                 0x08000b20   Section        0  main.o(i.CLCD_I2C_WriteIntFixed)
    i.CLCD_I2C_WriteString                   0x08000b4c   Section        0  clcd_i2c.o(i.CLCD_I2C_WriteString)
    i.CLCD_WriteI2C                          0x08000b64   Section        0  clcd_i2c.o(i.CLCD_WriteI2C)
    CLCD_WriteI2C                            0x08000b65   Thumb Code   106  clcd_i2c.o(i.CLCD_WriteI2C)
    i.CreateCustomChars                      0x08000bd0   Section        0  main.o(i.CreateCustomChars)
    i.DMA1_Channel1_IRQHandler               0x08000c38   Section        0  stm32f1xx_it.o(i.DMA1_Channel1_IRQHandler)
    i.DMA_SetConfig                          0x08000c44   Section        0  stm32f1xx_hal_dma.o(i.DMA_SetConfig)
    DMA_SetConfig                            0x08000c45   Thumb Code    42  stm32f1xx_hal_dma.o(i.DMA_SetConfig)
    i.DebugMon_Handler                       0x08000c6e   Section        0  stm32f1xx_it.o(i.DebugMon_Handler)
    i.Error_Handler                          0x08000c70   Section        0  main.o(i.Error_Handler)
    i.HAL_ADC_AnalogWDGConfig                0x08000c74   Section        0  stm32f1xx_hal_adc.o(i.HAL_ADC_AnalogWDGConfig)
    i.HAL_ADC_ConfigChannel                  0x08000ccc   Section        0  stm32f1xx_hal_adc.o(i.HAL_ADC_ConfigChannel)
    i.HAL_ADC_ConvCpltCallback               0x08000dc8   Section        0  stm32f1xx_hal_adc.o(i.HAL_ADC_ConvCpltCallback)
    i.HAL_ADC_ConvHalfCpltCallback           0x08000dca   Section        0  stm32f1xx_hal_adc.o(i.HAL_ADC_ConvHalfCpltCallback)
    i.HAL_ADC_ErrorCallback                  0x08000dcc   Section        0  stm32f1xx_hal_adc.o(i.HAL_ADC_ErrorCallback)
    i.HAL_ADC_Init                           0x08000dd0   Section        0  stm32f1xx_hal_adc.o(i.HAL_ADC_Init)
    i.HAL_ADC_MspInit                        0x08000eec   Section        0  stm32f1xx_hal_msp.o(i.HAL_ADC_MspInit)
    i.HAL_ADC_Start_DMA                      0x08000f7c   Section        0  stm32f1xx_hal_adc.o(i.HAL_ADC_Start_DMA)
    i.HAL_DMA_IRQHandler                     0x08001088   Section        0  stm32f1xx_hal_dma.o(i.HAL_DMA_IRQHandler)
    i.HAL_DMA_Init                           0x080011dc   Section        0  stm32f1xx_hal_dma.o(i.HAL_DMA_Init)
    i.HAL_DMA_Start_IT                       0x08001238   Section        0  stm32f1xx_hal_dma.o(i.HAL_DMA_Start_IT)
    i.HAL_Delay                              0x080012a8   Section        0  stm32f1xx_hal.o(i.HAL_Delay)
    i.HAL_GPIO_Init                          0x080012cc   Section        0  stm32f1xx_hal_gpio.o(i.HAL_GPIO_Init)
    i.HAL_GPIO_ReadPin                       0x080014ac   Section        0  stm32f1xx_hal_gpio.o(i.HAL_GPIO_ReadPin)
    i.HAL_GPIO_WritePin                      0x080014b6   Section        0  stm32f1xx_hal_gpio.o(i.HAL_GPIO_WritePin)
    i.HAL_GetTick                            0x080014c0   Section        0  stm32f1xx_hal.o(i.HAL_GetTick)
    i.HAL_I2C_Init                           0x080014cc   Section        0  stm32f1xx_hal_i2c.o(i.HAL_I2C_Init)
    i.HAL_I2C_Master_Transmit                0x08001654   Section        0  stm32f1xx_hal_i2c.o(i.HAL_I2C_Master_Transmit)
    i.HAL_I2C_MspInit                        0x08001780   Section        0  stm32f1xx_hal_msp.o(i.HAL_I2C_MspInit)
    i.HAL_IncTick                            0x080017dc   Section        0  stm32f1xx_hal.o(i.HAL_IncTick)
    i.HAL_Init                               0x080017ec   Section        0  stm32f1xx_hal.o(i.HAL_Init)
    i.HAL_InitTick                           0x08001810   Section        0  stm32f1xx_hal.o(i.HAL_InitTick)
    i.HAL_MspInit                            0x08001850   Section        0  stm32f1xx_hal_msp.o(i.HAL_MspInit)
    i.HAL_NVIC_EnableIRQ                     0x0800188c   Section        0  stm32f1xx_hal_cortex.o(i.HAL_NVIC_EnableIRQ)
    i.HAL_NVIC_SetPriority                   0x080018a8   Section        0  stm32f1xx_hal_cortex.o(i.HAL_NVIC_SetPriority)
    i.HAL_NVIC_SetPriorityGrouping           0x080018e8   Section        0  stm32f1xx_hal_cortex.o(i.HAL_NVIC_SetPriorityGrouping)
    i.HAL_RCCEx_PeriphCLKConfig              0x0800190c   Section        0  stm32f1xx_hal_rcc_ex.o(i.HAL_RCCEx_PeriphCLKConfig)
    i.HAL_RCC_ClockConfig                    0x080019f8   Section        0  stm32f1xx_hal_rcc.o(i.HAL_RCC_ClockConfig)
    i.HAL_RCC_GetPCLK1Freq                   0x08001b24   Section        0  stm32f1xx_hal_rcc.o(i.HAL_RCC_GetPCLK1Freq)
    i.HAL_RCC_GetSysClockFreq                0x08001b44   Section        0  stm32f1xx_hal_rcc.o(i.HAL_RCC_GetSysClockFreq)
    i.HAL_RCC_OscConfig                      0x08001b90   Section        0  stm32f1xx_hal_rcc.o(i.HAL_RCC_OscConfig)
    i.HAL_SPI_Init                           0x08001eb0   Section        0  stm32f1xx_hal_spi.o(i.HAL_SPI_Init)
    i.HAL_SPI_MspInit                        0x08001f64   Section        0  stm32f1xx_hal_msp.o(i.HAL_SPI_MspInit)
    i.HAL_SPI_Transmit                       0x08001fd8   Section        0  stm32f1xx_hal_spi.o(i.HAL_SPI_Transmit)
    i.HAL_SYSTICK_Config                     0x0800213e   Section        0  stm32f1xx_hal_cortex.o(i.HAL_SYSTICK_Config)
    i.HAL_TIMEx_BreakCallback                0x08002166   Section        0  stm32f1xx_hal_tim_ex.o(i.HAL_TIMEx_BreakCallback)
    i.HAL_TIMEx_CommutCallback               0x08002168   Section        0  stm32f1xx_hal_tim_ex.o(i.HAL_TIMEx_CommutCallback)
    i.HAL_TIMEx_MasterConfigSynchronization  0x0800216c   Section        0  stm32f1xx_hal_tim_ex.o(i.HAL_TIMEx_MasterConfigSynchronization)
    i.HAL_TIM_Base_Start_IT                  0x080021d4   Section        0  stm32f1xx_hal_tim.o(i.HAL_TIM_Base_Start_IT)
    i.HAL_TIM_IC_CaptureCallback             0x0800222c   Section        0  main.o(i.HAL_TIM_IC_CaptureCallback)
    i.HAL_TIM_IC_ConfigChannel               0x0800227c   Section        0  stm32f1xx_hal_tim.o(i.HAL_TIM_IC_ConfigChannel)
    i.HAL_TIM_IC_Init                        0x080023a0   Section        0  stm32f1xx_hal_tim.o(i.HAL_TIM_IC_Init)
    i.HAL_TIM_IC_MspInit                     0x080023fc   Section        0  stm32f1xx_hal_msp.o(i.HAL_TIM_IC_MspInit)
    i.HAL_TIM_IC_Start_IT                    0x08002464   Section        0  stm32f1xx_hal_tim.o(i.HAL_TIM_IC_Start_IT)
    i.HAL_TIM_IRQHandler                     0x08002548   Section        0  stm32f1xx_hal_tim.o(i.HAL_TIM_IRQHandler)
    i.HAL_TIM_OC_DelayElapsedCallback        0x08002678   Section        0  stm32f1xx_hal_tim.o(i.HAL_TIM_OC_DelayElapsedCallback)
    i.HAL_TIM_PWM_PulseFinishedCallback      0x0800267a   Section        0  stm32f1xx_hal_tim.o(i.HAL_TIM_PWM_PulseFinishedCallback)
    i.HAL_TIM_PeriodElapsedCallback          0x0800267c   Section        0  main.o(i.HAL_TIM_PeriodElapsedCallback)
    i.HAL_TIM_TriggerCallback                0x0800268c   Section        0  stm32f1xx_hal_tim.o(i.HAL_TIM_TriggerCallback)
    i.HardFault_Handler                      0x0800268e   Section        0  stm32f1xx_it.o(i.HardFault_Handler)
    i.I2C_IsAcknowledgeFailed                0x08002690   Section        0  stm32f1xx_hal_i2c.o(i.I2C_IsAcknowledgeFailed)
    I2C_IsAcknowledgeFailed                  0x08002691   Thumb Code    46  stm32f1xx_hal_i2c.o(i.I2C_IsAcknowledgeFailed)
    i.I2C_MasterRequestWrite                 0x080026c0   Section        0  stm32f1xx_hal_i2c.o(i.I2C_MasterRequestWrite)
    I2C_MasterRequestWrite                   0x080026c1   Thumb Code   150  stm32f1xx_hal_i2c.o(i.I2C_MasterRequestWrite)
    i.I2C_WaitOnBTFFlagUntilTimeout          0x0800275c   Section        0  stm32f1xx_hal_i2c.o(i.I2C_WaitOnBTFFlagUntilTimeout)
    I2C_WaitOnBTFFlagUntilTimeout            0x0800275d   Thumb Code    86  stm32f1xx_hal_i2c.o(i.I2C_WaitOnBTFFlagUntilTimeout)
    i.I2C_WaitOnFlagUntilTimeout             0x080027b4   Section        0  stm32f1xx_hal_i2c.o(i.I2C_WaitOnFlagUntilTimeout)
    I2C_WaitOnFlagUntilTimeout               0x080027b5   Thumb Code   144  stm32f1xx_hal_i2c.o(i.I2C_WaitOnFlagUntilTimeout)
    i.I2C_WaitOnMasterAddressFlagUntilTimeout 0x08002844   Section        0  stm32f1xx_hal_i2c.o(i.I2C_WaitOnMasterAddressFlagUntilTimeout)
    I2C_WaitOnMasterAddressFlagUntilTimeout  0x08002845   Thumb Code   188  stm32f1xx_hal_i2c.o(i.I2C_WaitOnMasterAddressFlagUntilTimeout)
    i.I2C_WaitOnTXEFlagUntilTimeout          0x08002900   Section        0  stm32f1xx_hal_i2c.o(i.I2C_WaitOnTXEFlagUntilTimeout)
    I2C_WaitOnTXEFlagUntilTimeout            0x08002901   Thumb Code    86  stm32f1xx_hal_i2c.o(i.I2C_WaitOnTXEFlagUntilTimeout)
    i.MX_ADC1_Init                           0x08002958   Section        0  main.o(i.MX_ADC1_Init)
    MX_ADC1_Init                             0x08002959   Thumb Code   138  main.o(i.MX_ADC1_Init)
    i.MX_GPIO_Init                           0x080029f0   Section        0  main.o(i.MX_GPIO_Init)
    MX_GPIO_Init                             0x080029f1   Thumb Code   208  main.o(i.MX_GPIO_Init)
    i.MX_SPI2_Init                           0x08002ad0   Section        0  main.o(i.MX_SPI2_Init)
    MX_SPI2_Init                             0x08002ad1   Thumb Code    56  main.o(i.MX_SPI2_Init)
    i.MX_TIM3_Init                           0x08002b10   Section        0  main.o(i.MX_TIM3_Init)
    MX_TIM3_Init                             0x08002b11   Thumb Code   102  main.o(i.MX_TIM3_Init)
    i.MemManage_Handler                      0x08002b80   Section        0  stm32f1xx_it.o(i.MemManage_Handler)
    i.NMI_Handler                            0x08002b82   Section        0  stm32f1xx_it.o(i.NMI_Handler)
    i.PendSV_Handler                         0x08002b84   Section        0  stm32f1xx_it.o(i.PendSV_Handler)
    i.RPM                                    0x08002b86   Section        0  main.o(i.RPM)
    i.SPI_EndRxTxTransaction                 0x08002bc4   Section        0  stm32f1xx_hal_spi.o(i.SPI_EndRxTxTransaction)
    SPI_EndRxTxTransaction                   0x08002bc5   Thumb Code    52  stm32f1xx_hal_spi.o(i.SPI_EndRxTxTransaction)
    i.SPI_WaitFlagStateUntilTimeout          0x08002bf8   Section        0  stm32f1xx_hal_spi.o(i.SPI_WaitFlagStateUntilTimeout)
    SPI_WaitFlagStateUntilTimeout            0x08002bf9   Thumb Code   180  stm32f1xx_hal_spi.o(i.SPI_WaitFlagStateUntilTimeout)
    i.SVC_Handler                            0x08002cb0   Section        0  stm32f1xx_it.o(i.SVC_Handler)
    i.SimpleKalmanFilter                     0x08002cb4   Section        0  main.o(i.SimpleKalmanFilter)
    i.SysTick_Handler                        0x08002cc0   Section        0  stm32f1xx_it.o(i.SysTick_Handler)
    i.SystemClock_Config                     0x08002cc4   Section        0  main.o(i.SystemClock_Config)
    i.SystemInit                             0x08002d3c   Section        0  system_stm32f1xx.o(i.SystemInit)
    i.THANHRPM                               0x08002d3e   Section        0  main.o(i.THANHRPM)
    i.TIM3_IRQHandler                        0x08002d78   Section        0  stm32f1xx_it.o(i.TIM3_IRQHandler)
    i.TIM_Base_SetConfig                     0x08002d84   Section        0  stm32f1xx_hal_tim.o(i.TIM_Base_SetConfig)
    i.TIM_CCxChannelCmd                      0x08002dfc   Section        0  stm32f1xx_hal_tim.o(i.TIM_CCxChannelCmd)
    i.TIM_TI1_SetConfig                      0x08002e18   Section        0  stm32f1xx_hal_tim.o(i.TIM_TI1_SetConfig)
    i.TIM_TI2_SetConfig                      0x08002e70   Section        0  stm32f1xx_hal_tim.o(i.TIM_TI2_SetConfig)
    TIM_TI2_SetConfig                        0x08002e71   Thumb Code    54  stm32f1xx_hal_tim.o(i.TIM_TI2_SetConfig)
    i.UsageFault_Handler                     0x08002ea6   Section        0  stm32f1xx_it.o(i.UsageFault_Handler)
    i.__NVIC_SetPriority                     0x08002ea8   Section        0  stm32f1xx_hal_cortex.o(i.__NVIC_SetPriority)
    __NVIC_SetPriority                       0x08002ea9   Thumb Code    32  stm32f1xx_hal_cortex.o(i.__NVIC_SetPriority)
    i._is_digit                              0x08002ec8   Section        0  __printf_wp.o(i._is_digit)
    i.main                                   0x08002ed8   Section        0  main.o(i.main)
    i.printBigNumberAtRow                    0x08003654   Section        0  main.o(i.printBigNumberAtRow)
    x$fpl$d2f                                0x0800373c   Section       98  d2f.o(x$fpl$d2f)
    x$fpl$dcmpinf                            0x0800379e   Section       24  dcmpi.o(x$fpl$dcmpinf)
    x$fpl$ddiv                               0x080037b8   Section      688  ddiv.o(x$fpl$ddiv)
    ddiv_entry                               0x080037bf   Thumb Code     0  ddiv.o(x$fpl$ddiv)
    x$fpl$deqf                               0x08003a68   Section      120  deqf.o(x$fpl$deqf)
    x$fpl$dfix                               0x08003ae0   Section       94  dfix.o(x$fpl$dfix)
    x$fpl$dfixu                              0x08003b40   Section       90  dfixu.o(x$fpl$dfixu)
    x$fpl$dfltu                              0x08003b9a   Section       38  dflt_clz.o(x$fpl$dfltu)
    x$fpl$dleqf                              0x08003bc0   Section      120  dleqf.o(x$fpl$dleqf)
    x$fpl$dmul                               0x08003c38   Section      340  dmul.o(x$fpl$dmul)
    x$fpl$dnaninf                            0x08003d8c   Section      156  dnaninf.o(x$fpl$dnaninf)
    x$fpl$dretinf                            0x08003e28   Section       12  dretinf.o(x$fpl$dretinf)
    x$fpl$drleqf                             0x08003e34   Section      108  drleqf.o(x$fpl$drleqf)
    x$fpl$f2d                                0x08003ea0   Section       86  f2d.o(x$fpl$f2d)
    x$fpl$fcmpinf                            0x08003ef6   Section       24  fcmpi.o(x$fpl$fcmpinf)
    x$fpl$fflt                               0x08003f10   Section       48  fflt_clz.o(x$fpl$fflt)
    x$fpl$fleqf                              0x08003f40   Section      104  fleqf.o(x$fpl$fleqf)
    x$fpl$fmul                               0x08003fa8   Section      258  fmul.o(x$fpl$fmul)
    x$fpl$fnaninf                            0x080040aa   Section      140  fnaninf.o(x$fpl$fnaninf)
    x$fpl$fretinf                            0x08004136   Section       10  fretinf.o(x$fpl$fretinf)
    .constdata                               0x08004140   Section       16  main.o(.constdata)
    x$fpl$usenofp                            0x08004140   Section        0  usenofp.o(x$fpl$usenofp)
    .constdata                               0x08004150   Section       18  stm32f1xx_hal_rcc.o(.constdata)
    aPredivFactorTable                       0x08004150   Data           2  stm32f1xx_hal_rcc.o(.constdata)
    aPLLMULFactorTable                       0x08004152   Data          16  stm32f1xx_hal_rcc.o(.constdata)
    .constdata                               0x08004162   Section       16  system_stm32f1xx.o(.constdata)
    .constdata                               0x08004172   Section        8  system_stm32f1xx.o(.constdata)
    .constdata                               0x0800417a   Section       17  __printf_flags_ss_wp.o(.constdata)
    maptable                                 0x0800417a   Data          17  __printf_flags_ss_wp.o(.constdata)
    .data                                    0x20000000   Section      176  main.o(.data)
    .data                                    0x200000b0   Section       12  stm32f1xx_hal.o(.data)
    .data                                    0x200000bc   Section        4  system_stm32f1xx.o(.data)
    .bss                                     0x200000c0   Section      304  main.o(.bss)
    .bss                                     0x200001f0   Section       68  main.o(.bss)
    .bss                                     0x20000234   Section       96  libspace.o(.bss)
    HEAP                                     0x20000298   Section      512  startup_stm32f103xb.o(HEAP)
    Heap_Mem                                 0x20000298   Data         512  startup_stm32f103xb.o(HEAP)
    STACK                                    0x20000498   Section     1024  startup_stm32f103xb.o(STACK)
    Stack_Mem                                0x20000498   Data        1024  startup_stm32f103xb.o(STACK)
    __initial_sp                             0x20000898   Data           0  startup_stm32f103xb.o(STACK)

    Global Symbols

    Symbol Name                              Value     Ov Type        Size  Object(Section)

    BuildAttributes$$THM_ISAv4$P$D$K$B$S$PE$A:L22UL41UL21$X:L11$S22US41US21$IEEE1$IW$USESV6$~STKCKD$USESV7$~SHL$OTIME$ROPI$IEEEJ$EBA8$UX$STANDARDLIB$REQ8$PRES8$EABIv2 0x00000000   Number         0  anon$$obj.o ABSOLUTE
    __ARM_use_no_argv                        0x00000000   Number         0  main.o ABSOLUTE
    _printf_flags                            0x00000000   Number         0  printf_stubs.o ABSOLUTE
    _printf_return_value                     0x00000000   Number         0  printf_stubs.o ABSOLUTE
    _printf_sizespec                         0x00000000   Number         0  printf_stubs.o ABSOLUTE
    _printf_widthprec                        0x00000000   Number         0  printf_stubs.o ABSOLUTE
    __ARM_exceptions_init                     - Undefined Weak Reference
    __alloca_initialize                       - Undefined Weak Reference
    __arm_preinit_                            - Undefined Weak Reference
    __cpp_initialize__aeabi_                  - Undefined Weak Reference
    __cxa_finalize                            - Undefined Weak Reference
    __sigvec_lookup                           - Undefined Weak Reference
    _atexit_init                              - Undefined Weak Reference
    _call_atexit_fns                          - Undefined Weak Reference
    _clock_init                               - Undefined Weak Reference
    _fp_trap_init                             - Undefined Weak Reference
    _fp_trap_shutdown                         - Undefined Weak Reference
    _get_lc_collate                           - Undefined Weak Reference
    _get_lc_ctype                             - Undefined Weak Reference
    _get_lc_monetary                          - Undefined Weak Reference
    _get_lc_time                              - Undefined Weak Reference
    _getenv_init                              - Undefined Weak Reference
    _handle_redirection                       - Undefined Weak Reference
    _init_alloc                               - Undefined Weak Reference
    _init_user_alloc                          - Undefined Weak Reference
    _initio                                   - Undefined Weak Reference
    _printf_truncate_signed                   - Undefined Weak Reference
    _printf_truncate_unsigned                 - Undefined Weak Reference
    _rand_init                                - Undefined Weak Reference
    _signal_finish                            - Undefined Weak Reference
    _signal_init                              - Undefined Weak Reference
    _terminate_alloc                          - Undefined Weak Reference
    _terminate_user_alloc                     - Undefined Weak Reference
    _terminateio                              - Undefined Weak Reference
    __Vectors_Size                           0x000000ec   Number         0  startup_stm32f103xb.o ABSOLUTE
    __Vectors                                0x08000000   Data           4  startup_stm32f103xb.o(RESET)
    __Vectors_End                            0x080000ec   Data           0  startup_stm32f103xb.o(RESET)
    __main                                   0x080000ed   Thumb Code     8  __main.o(!!!main)
    __scatterload                            0x080000f5   Thumb Code     0  __scatter.o(!!!scatter)
    __scatterload_rt2                        0x080000f5   Thumb Code    44  __scatter.o(!!!scatter)
    __scatterload_rt2_thumb_only             0x080000f5   Thumb Code     0  __scatter.o(!!!scatter)
    __scatterload_null                       0x08000103   Thumb Code     0  __scatter.o(!!!scatter)
    __scatterload_copy                       0x08000129   Thumb Code    26  __scatter_copy.o(!!handler_copy)
    __scatterload_zeroinit                   0x08000145   Thumb Code    28  __scatter_zi.o(!!handler_zi)
    _printf_d                                0x08000161   Thumb Code     0  _printf_d.o(.ARM.Collect$$_printf_percent$$00000009)
    _printf_percent                          0x08000161   Thumb Code     0  _printf_percent.o(.ARM.Collect$$_printf_percent$$00000000)
    _printf_percent_end                      0x08000167   Thumb Code     0  _printf_percent_end.o(.ARM.Collect$$_printf_percent$$00000017)
    __rt_lib_init                            0x0800016b   Thumb Code     0  libinit.o(.ARM.Collect$$libinit$$00000000)
    __rt_lib_init_alloca_1                   0x0800016d   Thumb Code     0  libinit2.o(.ARM.Collect$$libinit$$0000002E)
    __rt_lib_init_argv_1                     0x0800016d   Thumb Code     0  libinit2.o(.ARM.Collect$$libinit$$0000002C)
    __rt_lib_init_atexit_1                   0x0800016d   Thumb Code     0  libinit2.o(.ARM.Collect$$libinit$$0000001B)
    __rt_lib_init_clock_1                    0x0800016d   Thumb Code     0  libinit2.o(.ARM.Collect$$libinit$$00000021)
    __rt_lib_init_cpp_1                      0x0800016d   Thumb Code     0  libinit2.o(.ARM.Collect$$libinit$$00000032)
    __rt_lib_init_exceptions_1               0x0800016d   Thumb Code     0  libinit2.o(.ARM.Collect$$libinit$$00000030)
    __rt_lib_init_fp_1                       0x0800016d   Thumb Code     0  libinit2.o(.ARM.Collect$$libinit$$00000002)
    __rt_lib_init_fp_trap_1                  0x0800016d   Thumb Code     0  libinit2.o(.ARM.Collect$$libinit$$0000001F)
    __rt_lib_init_getenv_1                   0x0800016d   Thumb Code     0  libinit2.o(.ARM.Collect$$libinit$$00000023)
    __rt_lib_init_heap_1                     0x0800016d   Thumb Code     0  libinit2.o(.ARM.Collect$$libinit$$0000000A)
    __rt_lib_init_lc_collate_1               0x0800016d   Thumb Code     0  libinit2.o(.ARM.Collect$$libinit$$00000011)
    __rt_lib_init_lc_ctype_1                 0x0800016d   Thumb Code     0  libinit2.o(.ARM.Collect$$libinit$$00000013)
    __rt_lib_init_lc_monetary_1              0x0800016d   Thumb Code     0  libinit2.o(.ARM.Collect$$libinit$$00000015)
    __rt_lib_init_lc_numeric_1               0x0800016d   Thumb Code     0  libinit2.o(.ARM.Collect$$libinit$$00000017)
    __rt_lib_init_lc_time_1                  0x0800016d   Thumb Code     0  libinit2.o(.ARM.Collect$$libinit$$00000019)
    __rt_lib_init_preinit_1                  0x0800016d   Thumb Code     0  libinit2.o(.ARM.Collect$$libinit$$00000004)
    __rt_lib_init_rand_1                     0x0800016d   Thumb Code     0  libinit2.o(.ARM.Collect$$libinit$$0000000E)
    __rt_lib_init_return                     0x0800016d   Thumb Code     0  libinit2.o(.ARM.Collect$$libinit$$00000033)
    __rt_lib_init_signal_1                   0x0800016d   Thumb Code     0  libinit2.o(.ARM.Collect$$libinit$$0000001D)
    __rt_lib_init_stdio_1                    0x0800016d   Thumb Code     0  libinit2.o(.ARM.Collect$$libinit$$00000025)
    __rt_lib_init_user_alloc_1               0x0800016d   Thumb Code     0  libinit2.o(.ARM.Collect$$libinit$$0000000C)
    __rt_lib_shutdown                        0x0800016f   Thumb Code     0  libshutdown.o(.ARM.Collect$$libshutdown$$00000000)
    __rt_lib_shutdown_cpp_1                  0x08000171   Thumb Code     0  libshutdown2.o(.ARM.Collect$$libshutdown$$00000002)
    __rt_lib_shutdown_fp_trap_1              0x08000171   Thumb Code     0  libshutdown2.o(.ARM.Collect$$libshutdown$$00000007)
    __rt_lib_shutdown_heap_1                 0x08000171   Thumb Code     0  libshutdown2.o(.ARM.Collect$$libshutdown$$0000000F)
    __rt_lib_shutdown_return                 0x08000171   Thumb Code     0  libshutdown2.o(.ARM.Collect$$libshutdown$$00000010)
    __rt_lib_shutdown_signal_1               0x08000171   Thumb Code     0  libshutdown2.o(.ARM.Collect$$libshutdown$$0000000A)
    __rt_lib_shutdown_stdio_1                0x08000171   Thumb Code     0  libshutdown2.o(.ARM.Collect$$libshutdown$$00000004)
    __rt_lib_shutdown_user_alloc_1           0x08000171   Thumb Code     0  libshutdown2.o(.ARM.Collect$$libshutdown$$0000000C)
    __rt_entry                               0x08000173   Thumb Code     0  __rtentry.o(.ARM.Collect$$rtentry$$00000000)
    __rt_entry_presh_1                       0x08000173   Thumb Code     0  __rtentry2.o(.ARM.Collect$$rtentry$$00000002)
    __rt_entry_sh                            0x08000173   Thumb Code     0  __rtentry4.o(.ARM.Collect$$rtentry$$00000004)
    __rt_entry_li                            0x08000179   Thumb Code     0  __rtentry2.o(.ARM.Collect$$rtentry$$0000000A)
    __rt_entry_postsh_1                      0x08000179   Thumb Code     0  __rtentry2.o(.ARM.Collect$$rtentry$$00000009)
    __rt_entry_main                          0x0800017d   Thumb Code     0  __rtentry2.o(.ARM.Collect$$rtentry$$0000000D)
    __rt_entry_postli_1                      0x0800017d   Thumb Code     0  __rtentry2.o(.ARM.Collect$$rtentry$$0000000C)
    __rt_exit                                0x08000185   Thumb Code     0  rtexit.o(.ARM.Collect$$rtexit$$00000000)
    __rt_exit_ls                             0x08000187   Thumb Code     0  rtexit2.o(.ARM.Collect$$rtexit$$00000003)
    __rt_exit_prels_1                        0x08000187   Thumb Code     0  rtexit2.o(.ARM.Collect$$rtexit$$00000002)
    __rt_exit_exit                           0x0800018b   Thumb Code     0  rtexit2.o(.ARM.Collect$$rtexit$$00000004)
    Reset_Handler                            0x08000191   Thumb Code     8  startup_stm32f103xb.o(.text)
    ADC1_2_IRQHandler                        0x080001ab   Thumb Code     0  startup_stm32f103xb.o(.text)
    CAN1_RX1_IRQHandler                      0x080001ab   Thumb Code     0  startup_stm32f103xb.o(.text)
    CAN1_SCE_IRQHandler                      0x080001ab   Thumb Code     0  startup_stm32f103xb.o(.text)
    DMA1_Channel2_IRQHandler                 0x080001ab   Thumb Code     0  startup_stm32f103xb.o(.text)
    DMA1_Channel3_IRQHandler                 0x080001ab   Thumb Code     0  startup_stm32f103xb.o(.text)
    DMA1_Channel4_IRQHandler                 0x080001ab   Thumb Code     0  startup_stm32f103xb.o(.text)
    DMA1_Channel5_IRQHandler                 0x080001ab   Thumb Code     0  startup_stm32f103xb.o(.text)
    DMA1_Channel6_IRQHandler                 0x080001ab   Thumb Code     0  startup_stm32f103xb.o(.text)
    DMA1_Channel7_IRQHandler                 0x080001ab   Thumb Code     0  startup_stm32f103xb.o(.text)
    EXTI0_IRQHandler                         0x080001ab   Thumb Code     0  startup_stm32f103xb.o(.text)
    EXTI15_10_IRQHandler                     0x080001ab   Thumb Code     0  startup_stm32f103xb.o(.text)
    EXTI1_IRQHandler                         0x080001ab   Thumb Code     0  startup_stm32f103xb.o(.text)
    EXTI2_IRQHandler                         0x080001ab   Thumb Code     0  startup_stm32f103xb.o(.text)
    EXTI3_IRQHandler                         0x080001ab   Thumb Code     0  startup_stm32f103xb.o(.text)
    EXTI4_IRQHandler                         0x080001ab   Thumb Code     0  startup_stm32f103xb.o(.text)
    EXTI9_5_IRQHandler                       0x080001ab   Thumb Code     0  startup_stm32f103xb.o(.text)
    FLASH_IRQHandler                         0x080001ab   Thumb Code     0  startup_stm32f103xb.o(.text)
    I2C1_ER_IRQHandler                       0x080001ab   Thumb Code     0  startup_stm32f103xb.o(.text)
    I2C1_EV_IRQHandler                       0x080001ab   Thumb Code     0  startup_stm32f103xb.o(.text)
    I2C2_ER_IRQHandler                       0x080001ab   Thumb Code     0  startup_stm32f103xb.o(.text)
    I2C2_EV_IRQHandler                       0x080001ab   Thumb Code     0  startup_stm32f103xb.o(.text)
    PVD_IRQHandler                           0x080001ab   Thumb Code     0  startup_stm32f103xb.o(.text)
    RCC_IRQHandler                           0x080001ab   Thumb Code     0  startup_stm32f103xb.o(.text)
    RTC_Alarm_IRQHandler                     0x080001ab   Thumb Code     0  startup_stm32f103xb.o(.text)
    RTC_IRQHandler                           0x080001ab   Thumb Code     0  startup_stm32f103xb.o(.text)
    SPI1_IRQHandler                          0x080001ab   Thumb Code     0  startup_stm32f103xb.o(.text)
    SPI2_IRQHandler                          0x080001ab   Thumb Code     0  startup_stm32f103xb.o(.text)
    TAMPER_IRQHandler                        0x080001ab   Thumb Code     0  startup_stm32f103xb.o(.text)
    TIM1_BRK_IRQHandler                      0x080001ab   Thumb Code     0  startup_stm32f103xb.o(.text)
    TIM1_CC_IRQHandler                       0x080001ab   Thumb Code     0  startup_stm32f103xb.o(.text)
    TIM1_TRG_COM_IRQHandler                  0x080001ab   Thumb Code     0  startup_stm32f103xb.o(.text)
    TIM1_UP_IRQHandler                       0x080001ab   Thumb Code     0  startup_stm32f103xb.o(.text)
    TIM2_IRQHandler                          0x080001ab   Thumb Code     0  startup_stm32f103xb.o(.text)
    TIM4_IRQHandler                          0x080001ab   Thumb Code     0  startup_stm32f103xb.o(.text)
    USART1_IRQHandler                        0x080001ab   Thumb Code     0  startup_stm32f103xb.o(.text)
    USART2_IRQHandler                        0x080001ab   Thumb Code     0  startup_stm32f103xb.o(.text)
    USART3_IRQHandler                        0x080001ab   Thumb Code     0  startup_stm32f103xb.o(.text)
    USBWakeUp_IRQHandler                     0x080001ab   Thumb Code     0  startup_stm32f103xb.o(.text)
    USB_HP_CAN1_TX_IRQHandler                0x080001ab   Thumb Code     0  startup_stm32f103xb.o(.text)
    USB_LP_CAN1_RX0_IRQHandler               0x080001ab   Thumb Code     0  startup_stm32f103xb.o(.text)
    WWDG_IRQHandler                          0x080001ab   Thumb Code     0  startup_stm32f103xb.o(.text)
    __user_initial_stackheap                 0x080001ad   Thumb Code     0  startup_stm32f103xb.o(.text)
    __2sprintf                               0x080001d1   Thumb Code    34  noretval__2sprintf.o(.text)
    _printf_pre_padding                      0x080001f9   Thumb Code    44  _printf_pad.o(.text)
    _printf_post_padding                     0x08000225   Thumb Code    34  _printf_pad.o(.text)
    _printf_int_dec                          0x08000249   Thumb Code   104  _printf_dec.o(.text)
    __printf                                 0x080002c1   Thumb Code   388  __printf_flags_ss_wp.o(.text)
    __aeabi_memclr4                          0x08000449   Thumb Code     0  rt_memclr_w.o(.text)
    __aeabi_memclr8                          0x08000449   Thumb Code     0  rt_memclr_w.o(.text)
    __rt_memclr_w                            0x08000449   Thumb Code    78  rt_memclr_w.o(.text)
    _memset_w                                0x0800044d   Thumb Code     0  rt_memclr_w.o(.text)
    __use_two_region_memory                  0x08000497   Thumb Code     2  heapauxi.o(.text)
    __rt_heap_escrow$2region                 0x08000499   Thumb Code     2  heapauxi.o(.text)
    __rt_heap_expand$2region                 0x0800049b   Thumb Code     2  heapauxi.o(.text)
    _printf_int_common                       0x0800049d   Thumb Code   178  _printf_intcommon.o(.text)
    _printf_char_common                      0x0800055b   Thumb Code    32  _printf_char_common.o(.text)
    _sputc                                   0x08000581   Thumb Code    10  _sputc.o(.text)
    __user_libspace                          0x0800058d   Thumb Code     8  libspace.o(.text)
    __user_perproc_libspace                  0x0800058d   Thumb Code     0  libspace.o(.text)
    __user_perthread_libspace                0x0800058d   Thumb Code     0  libspace.o(.text)
    __user_setup_stackheap                   0x08000595   Thumb Code    74  sys_stackheap_outer.o(.text)
    exit                                     0x080005df   Thumb Code    18  exit.o(.text)
    _sys_exit                                0x080005f1   Thumb Code     8  sys_exit.o(.text)
    __I$use$semihosting                      0x080005fd   Thumb Code     0  use_no_semi.o(.text)
    __use_no_semihosting_swi                 0x080005fd   Thumb Code     2  use_no_semi.o(.text)
    __semihosting_library_function           0x080005ff   Thumb Code     0  indicate_semi.o(.text)
    ADC_ConversionStop_Disable               0x08000601   Thumb Code    86  stm32f1xx_hal_adc.o(i.ADC_ConversionStop_Disable)
    ADC_DMAConvCplt                          0x08000657   Thumb Code    78  stm32f1xx_hal_adc.o(i.ADC_DMAConvCplt)
    ADC_DMAError                             0x080006a5   Thumb Code    26  stm32f1xx_hal_adc.o(i.ADC_DMAError)
    ADC_DMAHalfConvCplt                      0x080006bf   Thumb Code    10  stm32f1xx_hal_adc.o(i.ADC_DMAHalfConvCplt)
    ADC_Enable                               0x080006c9   Thumb Code   114  stm32f1xx_hal_adc.o(i.ADC_Enable)
    BigNum0                                  0x08000745   Thumb Code    76  main.o(i.BigNum0)
    BigNum1                                  0x08000791   Thumb Code    76  main.o(i.BigNum1)
    BigNum2                                  0x080007dd   Thumb Code    76  main.o(i.BigNum2)
    BigNum3                                  0x08000829   Thumb Code    76  main.o(i.BigNum3)
    BigNum4                                  0x08000875   Thumb Code    76  main.o(i.BigNum4)
    BigNum5                                  0x080008c1   Thumb Code    76  main.o(i.BigNum5)
    BigNum6                                  0x0800090d   Thumb Code    76  main.o(i.BigNum6)
    BigNum7                                  0x08000959   Thumb Code    76  main.o(i.BigNum7)
    BigNum8                                  0x080009a5   Thumb Code    76  main.o(i.BigNum8)
    BusFault_Handler                         0x080009f1   Thumb Code     2  stm32f1xx_it.o(i.BusFault_Handler)
    CLCD_I2C_Clear                           0x080009f3   Thumb Code    20  clcd_i2c.o(i.CLCD_I2C_Clear)
    CLCD_I2C_CreateChar                      0x08000a07   Thumb Code    44  clcd_i2c.o(i.CLCD_I2C_CreateChar)
    CLCD_I2C_Init                            0x08000a33   Thumb Code   162  clcd_i2c.o(i.CLCD_I2C_Init)
    CLCD_I2C_SetCursor                       0x08000ad5   Thumb Code    68  clcd_i2c.o(i.CLCD_I2C_SetCursor)
    CLCD_I2C_WriteChar                       0x08000b19   Thumb Code     6  clcd_i2c.o(i.CLCD_I2C_WriteChar)
    CLCD_I2C_WriteIntFixed                   0x08000b21   Thumb Code    38  main.o(i.CLCD_I2C_WriteIntFixed)
    CLCD_I2C_WriteString                     0x08000b4d   Thumb Code    24  clcd_i2c.o(i.CLCD_I2C_WriteString)
    CreateCustomChars                        0x08000bd1   Thumb Code   100  main.o(i.CreateCustomChars)
    DMA1_Channel1_IRQHandler                 0x08000c39   Thumb Code     6  stm32f1xx_it.o(i.DMA1_Channel1_IRQHandler)
    DebugMon_Handler                         0x08000c6f   Thumb Code     2  stm32f1xx_it.o(i.DebugMon_Handler)
    Error_Handler                            0x08000c71   Thumb Code     4  main.o(i.Error_Handler)
    HAL_ADC_AnalogWDGConfig                  0x08000c75   Thumb Code    82  stm32f1xx_hal_adc.o(i.HAL_ADC_AnalogWDGConfig)
    HAL_ADC_ConfigChannel                    0x08000ccd   Thumb Code   240  stm32f1xx_hal_adc.o(i.HAL_ADC_ConfigChannel)
    HAL_ADC_ConvCpltCallback                 0x08000dc9   Thumb Code     2  stm32f1xx_hal_adc.o(i.HAL_ADC_ConvCpltCallback)
    HAL_ADC_ConvHalfCpltCallback             0x08000dcb   Thumb Code     2  stm32f1xx_hal_adc.o(i.HAL_ADC_ConvHalfCpltCallback)
    HAL_ADC_ErrorCallback                    0x08000dcd   Thumb Code     2  stm32f1xx_hal_adc.o(i.HAL_ADC_ErrorCallback)
    HAL_ADC_Init                             0x08000dd1   Thumb Code   272  stm32f1xx_hal_adc.o(i.HAL_ADC_Init)
    HAL_ADC_MspInit                          0x08000eed   Thumb Code   122  stm32f1xx_hal_msp.o(i.HAL_ADC_MspInit)
    HAL_ADC_Start_DMA                        0x08000f7d   Thumb Code   246  stm32f1xx_hal_adc.o(i.HAL_ADC_Start_DMA)
    HAL_DMA_IRQHandler                       0x08001089   Thumb Code   316  stm32f1xx_hal_dma.o(i.HAL_DMA_IRQHandler)
    HAL_DMA_Init                             0x080011dd   Thumb Code    84  stm32f1xx_hal_dma.o(i.HAL_DMA_Init)
    HAL_DMA_Start_IT                         0x08001239   Thumb Code   112  stm32f1xx_hal_dma.o(i.HAL_DMA_Start_IT)
    HAL_Delay                                0x080012a9   Thumb Code    32  stm32f1xx_hal.o(i.HAL_Delay)
    HAL_GPIO_Init                            0x080012cd   Thumb Code   446  stm32f1xx_hal_gpio.o(i.HAL_GPIO_Init)
    HAL_GPIO_ReadPin                         0x080014ad   Thumb Code    10  stm32f1xx_hal_gpio.o(i.HAL_GPIO_ReadPin)
    HAL_GPIO_WritePin                        0x080014b7   Thumb Code    10  stm32f1xx_hal_gpio.o(i.HAL_GPIO_WritePin)
    HAL_GetTick                              0x080014c1   Thumb Code     6  stm32f1xx_hal.o(i.HAL_GetTick)
    HAL_I2C_Init                             0x080014cd   Thumb Code   376  stm32f1xx_hal_i2c.o(i.HAL_I2C_Init)
    HAL_I2C_Master_Transmit                  0x08001655   Thumb Code   290  stm32f1xx_hal_i2c.o(i.HAL_I2C_Master_Transmit)
    HAL_I2C_MspInit                          0x08001781   Thumb Code    80  stm32f1xx_hal_msp.o(i.HAL_I2C_MspInit)
    HAL_IncTick                              0x080017dd   Thumb Code    12  stm32f1xx_hal.o(i.HAL_IncTick)
    HAL_Init                                 0x080017ed   Thumb Code    32  stm32f1xx_hal.o(i.HAL_Init)
    HAL_InitTick                             0x08001811   Thumb Code    54  stm32f1xx_hal.o(i.HAL_InitTick)
    HAL_MspInit                              0x08001851   Thumb Code    52  stm32f1xx_hal_msp.o(i.HAL_MspInit)
    HAL_NVIC_EnableIRQ                       0x0800188d   Thumb Code    26  stm32f1xx_hal_cortex.o(i.HAL_NVIC_EnableIRQ)
    HAL_NVIC_SetPriority                     0x080018a9   Thumb Code    60  stm32f1xx_hal_cortex.o(i.HAL_NVIC_SetPriority)
    HAL_NVIC_SetPriorityGrouping             0x080018e9   Thumb Code    26  stm32f1xx_hal_cortex.o(i.HAL_NVIC_SetPriorityGrouping)
    HAL_RCCEx_PeriphCLKConfig                0x0800190d   Thumb Code   224  stm32f1xx_hal_rcc_ex.o(i.HAL_RCCEx_PeriphCLKConfig)
    HAL_RCC_ClockConfig                      0x080019f9   Thumb Code   280  stm32f1xx_hal_rcc.o(i.HAL_RCC_ClockConfig)
    HAL_RCC_GetPCLK1Freq                     0x08001b25   Thumb Code    20  stm32f1xx_hal_rcc.o(i.HAL_RCC_GetPCLK1Freq)
    HAL_RCC_GetSysClockFreq                  0x08001b45   Thumb Code    58  stm32f1xx_hal_rcc.o(i.HAL_RCC_GetSysClockFreq)
    HAL_RCC_OscConfig                        0x08001b91   Thumb Code   778  stm32f1xx_hal_rcc.o(i.HAL_RCC_OscConfig)
    HAL_SPI_Init                             0x08001eb1   Thumb Code   178  stm32f1xx_hal_spi.o(i.HAL_SPI_Init)
    HAL_SPI_MspInit                          0x08001f65   Thumb Code   102  stm32f1xx_hal_msp.o(i.HAL_SPI_MspInit)
    HAL_SPI_Transmit                         0x08001fd9   Thumb Code   358  stm32f1xx_hal_spi.o(i.HAL_SPI_Transmit)
    HAL_SYSTICK_Config                       0x0800213f   Thumb Code    40  stm32f1xx_hal_cortex.o(i.HAL_SYSTICK_Config)
    HAL_TIMEx_BreakCallback                  0x08002167   Thumb Code     2  stm32f1xx_hal_tim_ex.o(i.HAL_TIMEx_BreakCallback)
    HAL_TIMEx_CommutCallback                 0x08002169   Thumb Code     2  stm32f1xx_hal_tim_ex.o(i.HAL_TIMEx_CommutCallback)
    HAL_TIMEx_MasterConfigSynchronization    0x0800216d   Thumb Code    92  stm32f1xx_hal_tim_ex.o(i.HAL_TIMEx_MasterConfigSynchronization)
    HAL_TIM_Base_Start_IT                    0x080021d5   Thumb Code    76  stm32f1xx_hal_tim.o(i.HAL_TIM_Base_Start_IT)
    HAL_TIM_IC_CaptureCallback               0x0800222d   Thumb Code    70  main.o(i.HAL_TIM_IC_CaptureCallback)
    HAL_TIM_IC_ConfigChannel                 0x0800227d   Thumb Code   292  stm32f1xx_hal_tim.o(i.HAL_TIM_IC_ConfigChannel)
    HAL_TIM_IC_Init                          0x080023a1   Thumb Code    90  stm32f1xx_hal_tim.o(i.HAL_TIM_IC_Init)
    HAL_TIM_IC_MspInit                       0x080023fd   Thumb Code    92  stm32f1xx_hal_msp.o(i.HAL_TIM_IC_MspInit)
    HAL_TIM_IC_Start_IT                      0x08002465   Thumb Code   216  stm32f1xx_hal_tim.o(i.HAL_TIM_IC_Start_IT)
    HAL_TIM_IRQHandler                       0x08002549   Thumb Code   304  stm32f1xx_hal_tim.o(i.HAL_TIM_IRQHandler)
    HAL_TIM_OC_DelayElapsedCallback          0x08002679   Thumb Code     2  stm32f1xx_hal_tim.o(i.HAL_TIM_OC_DelayElapsedCallback)
    HAL_TIM_PWM_PulseFinishedCallback        0x0800267b   Thumb Code     2  stm32f1xx_hal_tim.o(i.HAL_TIM_PWM_PulseFinishedCallback)
    HAL_TIM_PeriodElapsedCallback            0x0800267d   Thumb Code    10  main.o(i.HAL_TIM_PeriodElapsedCallback)
    HAL_TIM_TriggerCallback                  0x0800268d   Thumb Code     2  stm32f1xx_hal_tim.o(i.HAL_TIM_TriggerCallback)
    HardFault_Handler                        0x0800268f   Thumb Code     2  stm32f1xx_it.o(i.HardFault_Handler)
    MemManage_Handler                        0x08002b81   Thumb Code     2  stm32f1xx_it.o(i.MemManage_Handler)
    NMI_Handler                              0x08002b83   Thumb Code     2  stm32f1xx_it.o(i.NMI_Handler)
    PendSV_Handler                           0x08002b85   Thumb Code     2  stm32f1xx_it.o(i.PendSV_Handler)
    RPM                                      0x08002b87   Thumb Code    62  main.o(i.RPM)
    SVC_Handler                              0x08002cb1   Thumb Code     2  stm32f1xx_it.o(i.SVC_Handler)
    SimpleKalmanFilter                       0x08002cb5   Thumb Code     8  main.o(i.SimpleKalmanFilter)
    SysTick_Handler                          0x08002cc1   Thumb Code     4  stm32f1xx_it.o(i.SysTick_Handler)
    SystemClock_Config                       0x08002cc5   Thumb Code   120  main.o(i.SystemClock_Config)
    SystemInit                               0x08002d3d   Thumb Code     2  system_stm32f1xx.o(i.SystemInit)
    THANHRPM                                 0x08002d3f   Thumb Code    58  main.o(i.THANHRPM)
    TIM3_IRQHandler                          0x08002d79   Thumb Code     6  stm32f1xx_it.o(i.TIM3_IRQHandler)
    TIM_Base_SetConfig                       0x08002d85   Thumb Code   108  stm32f1xx_hal_tim.o(i.TIM_Base_SetConfig)
    TIM_CCxChannelCmd                        0x08002dfd   Thumb Code    26  stm32f1xx_hal_tim.o(i.TIM_CCxChannelCmd)
    TIM_TI1_SetConfig                        0x08002e19   Thumb Code    76  stm32f1xx_hal_tim.o(i.TIM_TI1_SetConfig)
    UsageFault_Handler                       0x08002ea7   Thumb Code     2  stm32f1xx_it.o(i.UsageFault_Handler)
    _is_digit                                0x08002ec9   Thumb Code    14  __printf_wp.o(i._is_digit)
    main                                     0x08002ed9   Thumb Code  1856  main.o(i.main)
    printBigNumberAtRow                      0x08003655   Thumb Code   232  main.o(i.printBigNumberAtRow)
    __aeabi_d2f                              0x0800373d   Thumb Code     0  d2f.o(x$fpl$d2f)
    _d2f                                     0x0800373d   Thumb Code    98  d2f.o(x$fpl$d2f)
    __fpl_dcmp_Inf                           0x0800379f   Thumb Code    24  dcmpi.o(x$fpl$dcmpinf)
    __aeabi_ddiv                             0x080037b9   Thumb Code     0  ddiv.o(x$fpl$ddiv)
    _ddiv                                    0x080037b9   Thumb Code   552  ddiv.o(x$fpl$ddiv)
    __aeabi_cdcmpeq                          0x08003a69   Thumb Code     0  deqf.o(x$fpl$deqf)
    _dcmpeq                                  0x08003a69   Thumb Code   120  deqf.o(x$fpl$deqf)
    __aeabi_d2iz                             0x08003ae1   Thumb Code     0  dfix.o(x$fpl$dfix)
    _dfix                                    0x08003ae1   Thumb Code    94  dfix.o(x$fpl$dfix)
    __aeabi_d2uiz                            0x08003b41   Thumb Code     0  dfixu.o(x$fpl$dfixu)
    _dfixu                                   0x08003b41   Thumb Code    90  dfixu.o(x$fpl$dfixu)
    __aeabi_ui2d                             0x08003b9b   Thumb Code     0  dflt_clz.o(x$fpl$dfltu)
    _dfltu                                   0x08003b9b   Thumb Code    38  dflt_clz.o(x$fpl$dfltu)
    __aeabi_cdcmple                          0x08003bc1   Thumb Code     0  dleqf.o(x$fpl$dleqf)
    _dcmple                                  0x08003bc1   Thumb Code   120  dleqf.o(x$fpl$dleqf)
    __fpl_dcmple_InfNaN                      0x08003c23   Thumb Code     0  dleqf.o(x$fpl$dleqf)
    __aeabi_dmul                             0x08003c39   Thumb Code     0  dmul.o(x$fpl$dmul)
    _dmul                                    0x08003c39   Thumb Code   332  dmul.o(x$fpl$dmul)
    __fpl_dnaninf                            0x08003d8d   Thumb Code   156  dnaninf.o(x$fpl$dnaninf)
    __fpl_dretinf                            0x08003e29   Thumb Code    12  dretinf.o(x$fpl$dretinf)
    __aeabi_cdrcmple                         0x08003e35   Thumb Code     0  drleqf.o(x$fpl$drleqf)
    _drcmple                                 0x08003e35   Thumb Code   108  drleqf.o(x$fpl$drleqf)
    __aeabi_f2d                              0x08003ea1   Thumb Code     0  f2d.o(x$fpl$f2d)
    _f2d                                     0x08003ea1   Thumb Code    86  f2d.o(x$fpl$f2d)
    __fpl_fcmp_Inf                           0x08003ef7   Thumb Code    24  fcmpi.o(x$fpl$fcmpinf)
    __aeabi_i2f                              0x08003f11   Thumb Code     0  fflt_clz.o(x$fpl$fflt)
    _fflt                                    0x08003f11   Thumb Code    48  fflt_clz.o(x$fpl$fflt)
    __aeabi_cfcmple                          0x08003f41   Thumb Code     0  fleqf.o(x$fpl$fleqf)
    _fcmple                                  0x08003f41   Thumb Code   104  fleqf.o(x$fpl$fleqf)
    __fpl_fcmple_InfNaN                      0x08003f93   Thumb Code     0  fleqf.o(x$fpl$fleqf)
    __aeabi_fmul                             0x08003fa9   Thumb Code     0  fmul.o(x$fpl$fmul)
    _fmul                                    0x08003fa9   Thumb Code   258  fmul.o(x$fpl$fmul)
    __fpl_fnaninf                            0x080040ab   Thumb Code   140  fnaninf.o(x$fpl$fnaninf)
    __fpl_fretinf                            0x08004137   Thumb Code    10  fretinf.o(x$fpl$fretinf)
    __I$use$fp                               0x08004140   Number         0  usenofp.o(x$fpl$usenofp)
    stator_speed_table                       0x08004140   Data          16  main.o(.constdata)
    AHBPrescTable                            0x08004162   Data          16  system_stm32f1xx.o(.constdata)
    APBPrescTable                            0x08004172   Data           8  system_stm32f1xx.o(.constdata)
    Region$$Table$$Base                      0x0800418c   Number         0  anon$$obj.o(Region$$Table)
    Region$$Table$$Limit                     0x080041ac   Number         0  anon$$obj.o(Region$$Table)
    txData0                                  0x20000000   Data           1  main.o(.data)
    txData1                                  0x20000001   Data           1  main.o(.data)
    txData2                                  0x20000002   Data           1  main.o(.data)
    txData4                                  0x20000003   Data           1  main.o(.data)
    txData5                                  0x20000004   Data           1  main.o(.data)
    txDataphanh                              0x20000005   Data           1  main.o(.data)
    txDatalui                                0x20000006   Data           1  main.o(.data)
    T1                                       0x20000008   Data           4  main.o(.data)
    T2                                       0x2000000c   Data           4  main.o(.data)
    T3                                       0x20000010   Data           4  main.o(.data)
    OverNgat                                 0x20000014   Data           4  main.o(.data)
    State                                    0x20000018   Data           4  main.o(.data)
    state_xe                                 0x2000001c   Data           4  main.o(.data)
    T3_T1                                    0x20000020   Data           4  main.o(.data)
    tinhhieului                              0x20000024   Data           4  main.o(.data)
    level_tayga                              0x20000028   Data           4  main.o(.data)
    new_leveltayga                           0x2000002c   Data           4  main.o(.data)
    want_tocdostator                         0x20000030   Data           4  main.o(.data)
    set_leveltayga                           0x20000034   Data           4  main.o(.data)
    i                                        0x20000038   Data           4  main.o(.data)
    _err_measure                             0x2000003c   Data           4  main.o(.data)
    _err_estimate                            0x20000040   Data           4  main.o(.data)
    _q                                       0x20000044   Data           4  main.o(.data)
    _current_estimate                        0x20000048   Data           4  main.o(.data)
    _last_estimate                           0x2000004c   Data           4  main.o(.data)
    _kalman_gain                             0x20000050   Data           4  main.o(.data)
    adc_sensortayga                          0x20000054   Data           4  main.o(.data)
    F                                        0x20000058   Data           8  main.o(.data)
    tocdo                                    0x20000060   Data           8  main.o(.data)
    vantocxe                                 0x20000068   Data           8  main.o(.data)
    bar1                                     0x20000070   Data           8  main.o(.data)
    bar2                                     0x20000078   Data           8  main.o(.data)
    bar3                                     0x20000080   Data           8  main.o(.data)
    bar4                                     0x20000088   Data           8  main.o(.data)
    bar5                                     0x20000090   Data           8  main.o(.data)
    bar6                                     0x20000098   Data           8  main.o(.data)
    bar7                                     0x200000a0   Data           8  main.o(.data)
    bar8                                     0x200000a8   Data           8  main.o(.data)
    uwTickFreq                               0x200000b0   Data           1  stm32f1xx_hal.o(.data)
    uwTickPrio                               0x200000b4   Data           4  stm32f1xx_hal.o(.data)
    uwTick                                   0x200000b8   Data           4  stm32f1xx_hal.o(.data)
    SystemCoreClock                          0x200000bc   Data           4  system_stm32f1xx.o(.data)
    hadc1                                    0x200000c0   Data          48  main.o(.bss)
    hi2c1                                    0x200000f0   Data          84  main.o(.bss)
    hspi2                                    0x20000144   Data          88  main.o(.bss)
    htim3                                    0x2000019c   Data          72  main.o(.bss)
    LCD1                                     0x200001e4   Data          12  main.o(.bss)
    hdma_adc1                                0x200001f0   Data          68  main.o(.bss)
    __libspace_start                         0x20000234   Data          96  libspace.o(.bss)
    __temporary_stack_top$libspace           0x20000294   Data           0  libspace.o(.bss)



==============================================================================

Memory Map of the image

  Image Entry point : 0x080000ed

  Load Region LR_IROM1 (Base: 0x08000000, Size: 0x0000426c, Max: 0x00010000, ABSOLUTE)

    Execution Region ER_IROM1 (Exec base: 0x08000000, Load base: 0x08000000, Size: 0x000041ac, Max: 0x00010000, ABSOLUTE)

    Exec Addr    Load Addr    Size         Type   Attr      Idx    E Section Name        Object

    0x08000000   0x08000000   0x000000ec   Data   RO            3    RESET               startup_stm32f103xb.o
    0x080000ec   0x080000ec   0x00000008   Code   RO         3780  * !!!main             c_w.l(__main.o)
    0x080000f4   0x080000f4   0x00000034   Code   RO         4071    !!!scatter          c_w.l(__scatter.o)
    0x08000128   0x08000128   0x0000001a   Code   RO         4073    !!handler_copy      c_w.l(__scatter_copy.o)
    0x08000142   0x08000142   0x00000002   PAD
    0x08000144   0x08000144   0x0000001c   Code   RO         4075    !!handler_zi        c_w.l(__scatter_zi.o)
    0x08000160   0x08000160   0x00000000   Code   RO         3775    .ARM.Collect$$_printf_percent$$00000000  c_w.l(_printf_percent.o)
    0x08000160   0x08000160   0x00000006   Code   RO         3770    .ARM.Collect$$_printf_percent$$00000009  c_w.l(_printf_d.o)
    0x08000166   0x08000166   0x00000004   Code   RO         3858    .ARM.Collect$$_printf_percent$$00000017  c_w.l(_printf_percent_end.o)
    0x0800016a   0x0800016a   0x00000002   Code   RO         3944    .ARM.Collect$$libinit$$00000000  c_w.l(libinit.o)
    0x0800016c   0x0800016c   0x00000000   Code   RO         3946    .ARM.Collect$$libinit$$00000002  c_w.l(libinit2.o)
    0x0800016c   0x0800016c   0x00000000   Code   RO         3948    .ARM.Collect$$libinit$$00000004  c_w.l(libinit2.o)
    0x0800016c   0x0800016c   0x00000000   Code   RO         3951    .ARM.Collect$$libinit$$0000000A  c_w.l(libinit2.o)
    0x0800016c   0x0800016c   0x00000000   Code   RO         3953    .ARM.Collect$$libinit$$0000000C  c_w.l(libinit2.o)
    0x0800016c   0x0800016c   0x00000000   Code   RO         3955    .ARM.Collect$$libinit$$0000000E  c_w.l(libinit2.o)
    0x0800016c   0x0800016c   0x00000000   Code   RO         3958    .ARM.Collect$$libinit$$00000011  c_w.l(libinit2.o)
    0x0800016c   0x0800016c   0x00000000   Code   RO         3960    .ARM.Collect$$libinit$$00000013  c_w.l(libinit2.o)
    0x0800016c   0x0800016c   0x00000000   Code   RO         3962    .ARM.Collect$$libinit$$00000015  c_w.l(libinit2.o)
    0x0800016c   0x0800016c   0x00000000   Code   RO         3964    .ARM.Collect$$libinit$$00000017  c_w.l(libinit2.o)
    0x0800016c   0x0800016c   0x00000000   Code   RO         3966    .ARM.Collect$$libinit$$00000019  c_w.l(libinit2.o)
    0x0800016c   0x0800016c   0x00000000   Code   RO         3968    .ARM.Collect$$libinit$$0000001B  c_w.l(libinit2.o)
    0x0800016c   0x0800016c   0x00000000   Code   RO         3970    .ARM.Collect$$libinit$$0000001D  c_w.l(libinit2.o)
    0x0800016c   0x0800016c   0x00000000   Code   RO         3972    .ARM.Collect$$libinit$$0000001F  c_w.l(libinit2.o)
    0x0800016c   0x0800016c   0x00000000   Code   RO         3974    .ARM.Collect$$libinit$$00000021  c_w.l(libinit2.o)
    0x0800016c   0x0800016c   0x00000000   Code   RO         3976    .ARM.Collect$$libinit$$00000023  c_w.l(libinit2.o)
    0x0800016c   0x0800016c   0x00000000   Code   RO         3978    .ARM.Collect$$libinit$$00000025  c_w.l(libinit2.o)
    0x0800016c   0x0800016c   0x00000000   Code   RO         3982    .ARM.Collect$$libinit$$0000002C  c_w.l(libinit2.o)
    0x0800016c   0x0800016c   0x00000000   Code   RO         3984    .ARM.Collect$$libinit$$0000002E  c_w.l(libinit2.o)
    0x0800016c   0x0800016c   0x00000000   Code   RO         3986    .ARM.Collect$$libinit$$00000030  c_w.l(libinit2.o)
    0x0800016c   0x0800016c   0x00000000   Code   RO         3988    .ARM.Collect$$libinit$$00000032  c_w.l(libinit2.o)
    0x0800016c   0x0800016c   0x00000002   Code   RO         3989    .ARM.Collect$$libinit$$00000033  c_w.l(libinit2.o)
    0x0800016e   0x0800016e   0x00000002   Code   RO         4019    .ARM.Collect$$libshutdown$$00000000  c_w.l(libshutdown.o)
    0x08000170   0x08000170   0x00000000   Code   RO         4030    .ARM.Collect$$libshutdown$$00000002  c_w.l(libshutdown2.o)
    0x08000170   0x08000170   0x00000000   Code   RO         4032    .ARM.Collect$$libshutdown$$00000004  c_w.l(libshutdown2.o)
    0x08000170   0x08000170   0x00000000   Code   RO         4035    .ARM.Collect$$libshutdown$$00000007  c_w.l(libshutdown2.o)
    0x08000170   0x08000170   0x00000000   Code   RO         4038    .ARM.Collect$$libshutdown$$0000000A  c_w.l(libshutdown2.o)
    0x08000170   0x08000170   0x00000000   Code   RO         4040    .ARM.Collect$$libshutdown$$0000000C  c_w.l(libshutdown2.o)
    0x08000170   0x08000170   0x00000000   Code   RO         4043    .ARM.Collect$$libshutdown$$0000000F  c_w.l(libshutdown2.o)
    0x08000170   0x08000170   0x00000002   Code   RO         4044    .ARM.Collect$$libshutdown$$00000010  c_w.l(libshutdown2.o)
    0x08000172   0x08000172   0x00000000   Code   RO         3846    .ARM.Collect$$rtentry$$00000000  c_w.l(__rtentry.o)
    0x08000172   0x08000172   0x00000000   Code   RO         3873    .ARM.Collect$$rtentry$$00000002  c_w.l(__rtentry2.o)
    0x08000172   0x08000172   0x00000006   Code   RO         3885    .ARM.Collect$$rtentry$$00000004  c_w.l(__rtentry4.o)
    0x08000178   0x08000178   0x00000000   Code   RO         3875    .ARM.Collect$$rtentry$$00000009  c_w.l(__rtentry2.o)
    0x08000178   0x08000178   0x00000004   Code   RO         3876    .ARM.Collect$$rtentry$$0000000A  c_w.l(__rtentry2.o)
    0x0800017c   0x0800017c   0x00000000   Code   RO         3878    .ARM.Collect$$rtentry$$0000000C  c_w.l(__rtentry2.o)
    0x0800017c   0x0800017c   0x00000008   Code   RO         3879    .ARM.Collect$$rtentry$$0000000D  c_w.l(__rtentry2.o)
    0x08000184   0x08000184   0x00000002   Code   RO         3990    .ARM.Collect$$rtexit$$00000000  c_w.l(rtexit.o)
    0x08000186   0x08000186   0x00000000   Code   RO         3997    .ARM.Collect$$rtexit$$00000002  c_w.l(rtexit2.o)
    0x08000186   0x08000186   0x00000004   Code   RO         3998    .ARM.Collect$$rtexit$$00000003  c_w.l(rtexit2.o)
    0x0800018a   0x0800018a   0x00000006   Code   RO         3999    .ARM.Collect$$rtexit$$00000004  c_w.l(rtexit2.o)
    0x08000190   0x08000190   0x00000040   Code   RO            4    .text               startup_stm32f103xb.o
    0x080001d0   0x080001d0   0x00000028   Code   RO         3742    .text               c_w.l(noretval__2sprintf.o)
    0x080001f8   0x080001f8   0x0000004e   Code   RO         3746    .text               c_w.l(_printf_pad.o)
    0x08000246   0x08000246   0x00000002   PAD
    0x08000248   0x08000248   0x00000078   Code   RO         3748    .text               c_w.l(_printf_dec.o)
    0x080002c0   0x080002c0   0x00000188   Code   RO         3767    .text               c_w.l(__printf_flags_ss_wp.o)
    0x08000448   0x08000448   0x0000004e   Code   RO         3776    .text               c_w.l(rt_memclr_w.o)
    0x08000496   0x08000496   0x00000006   Code   RO         3778    .text               c_w.l(heapauxi.o)
    0x0800049c   0x0800049c   0x000000b2   Code   RO         3847    .text               c_w.l(_printf_intcommon.o)
    0x0800054e   0x0800054e   0x00000002   PAD
    0x08000550   0x08000550   0x00000030   Code   RO         3854    .text               c_w.l(_printf_char_common.o)
    0x08000580   0x08000580   0x0000000a   Code   RO         3856    .text               c_w.l(_sputc.o)
    0x0800058a   0x0800058a   0x00000002   PAD
    0x0800058c   0x0800058c   0x00000008   Code   RO         3930    .text               c_w.l(libspace.o)
    0x08000594   0x08000594   0x0000004a   Code   RO         3933    .text               c_w.l(sys_stackheap_outer.o)
    0x080005de   0x080005de   0x00000012   Code   RO         3935    .text               c_w.l(exit.o)
    0x080005f0   0x080005f0   0x0000000c   Code   RO         4009    .text               c_w.l(sys_exit.o)
    0x080005fc   0x080005fc   0x00000002   Code   RO         4020    .text               c_w.l(use_no_semi.o)
    0x080005fe   0x080005fe   0x00000000   Code   RO         4022    .text               c_w.l(indicate_semi.o)
    0x080005fe   0x080005fe   0x00000002   PAD
    0x08000600   0x08000600   0x00000056   Code   RO          716    i.ADC_ConversionStop_Disable  stm32f1xx_hal_adc.o
    0x08000656   0x08000656   0x0000004e   Code   RO          717    i.ADC_DMAConvCplt   stm32f1xx_hal_adc.o
    0x080006a4   0x080006a4   0x0000001a   Code   RO          718    i.ADC_DMAError      stm32f1xx_hal_adc.o
    0x080006be   0x080006be   0x0000000a   Code   RO          719    i.ADC_DMAHalfConvCplt  stm32f1xx_hal_adc.o
    0x080006c8   0x080006c8   0x0000007c   Code   RO          720    i.ADC_Enable        stm32f1xx_hal_adc.o
    0x08000744   0x08000744   0x0000004c   Code   RO          214    i.BigNum0           main.o
    0x08000790   0x08000790   0x0000004c   Code   RO          215    i.BigNum1           main.o
    0x080007dc   0x080007dc   0x0000004c   Code   RO          216    i.BigNum2           main.o
    0x08000828   0x08000828   0x0000004c   Code   RO          217    i.BigNum3           main.o
    0x08000874   0x08000874   0x0000004c   Code   RO          218    i.BigNum4           main.o
    0x080008c0   0x080008c0   0x0000004c   Code   RO          219    i.BigNum5           main.o
    0x0800090c   0x0800090c   0x0000004c   Code   RO          220    i.BigNum6           main.o
    0x08000958   0x08000958   0x0000004c   Code   RO          221    i.BigNum7           main.o
    0x080009a4   0x080009a4   0x0000004c   Code   RO          222    i.BigNum8           main.o
    0x080009f0   0x080009f0   0x00000002   Code   RO          429    i.BusFault_Handler  stm32f1xx_it.o
    0x080009f2   0x080009f2   0x00000014   Code   RO           15    i.CLCD_I2C_Clear    clcd_i2c.o
    0x08000a06   0x08000a06   0x0000002c   Code   RO           16    i.CLCD_I2C_CreateChar  clcd_i2c.o
    0x08000a32   0x08000a32   0x000000a2   Code   RO           19    i.CLCD_I2C_Init     clcd_i2c.o
    0x08000ad4   0x08000ad4   0x00000044   Code   RO           21    i.CLCD_I2C_SetCursor  clcd_i2c.o
    0x08000b18   0x08000b18   0x00000006   Code   RO           22    i.CLCD_I2C_WriteChar  clcd_i2c.o
    0x08000b1e   0x08000b1e   0x00000002   PAD
    0x08000b20   0x08000b20   0x0000002c   Code   RO          223    i.CLCD_I2C_WriteIntFixed  main.o
    0x08000b4c   0x08000b4c   0x00000018   Code   RO           25    i.CLCD_I2C_WriteString  clcd_i2c.o
    0x08000b64   0x08000b64   0x0000006a   Code   RO           26    i.CLCD_WriteI2C     clcd_i2c.o
    0x08000bce   0x08000bce   0x00000002   PAD
    0x08000bd0   0x08000bd0   0x00000068   Code   RO          224    i.CreateCustomChars  main.o
    0x08000c38   0x08000c38   0x0000000c   Code   RO          430    i.DMA1_Channel1_IRQHandler  stm32f1xx_it.o
    0x08000c44   0x08000c44   0x0000002a   Code   RO         1372    i.DMA_SetConfig     stm32f1xx_hal_dma.o
    0x08000c6e   0x08000c6e   0x00000002   Code   RO          431    i.DebugMon_Handler  stm32f1xx_it.o
    0x08000c70   0x08000c70   0x00000004   Code   RO          225    i.Error_Handler     main.o
    0x08000c74   0x08000c74   0x00000058   Code   RO          721    i.HAL_ADC_AnalogWDGConfig  stm32f1xx_hal_adc.o
    0x08000ccc   0x08000ccc   0x000000fc   Code   RO          722    i.HAL_ADC_ConfigChannel  stm32f1xx_hal_adc.o
    0x08000dc8   0x08000dc8   0x00000002   Code   RO          723    i.HAL_ADC_ConvCpltCallback  stm32f1xx_hal_adc.o
    0x08000dca   0x08000dca   0x00000002   Code   RO          724    i.HAL_ADC_ConvHalfCpltCallback  stm32f1xx_hal_adc.o
    0x08000dcc   0x08000dcc   0x00000002   Code   RO          726    i.HAL_ADC_ErrorCallback  stm32f1xx_hal_adc.o
    0x08000dce   0x08000dce   0x00000002   PAD
    0x08000dd0   0x08000dd0   0x0000011c   Code   RO          731    i.HAL_ADC_Init      stm32f1xx_hal_adc.o
    0x08000eec   0x08000eec   0x00000090   Code   RO          608    i.HAL_ADC_MspInit   stm32f1xx_hal_msp.o
    0x08000f7c   0x08000f7c   0x0000010c   Code   RO          738    i.HAL_ADC_Start_DMA  stm32f1xx_hal_adc.o
    0x08001088   0x08001088   0x00000154   Code   RO         1378    i.HAL_DMA_IRQHandler  stm32f1xx_hal_dma.o
    0x080011dc   0x080011dc   0x0000005c   Code   RO         1379    i.HAL_DMA_Init      stm32f1xx_hal_dma.o
    0x08001238   0x08001238   0x00000070   Code   RO         1383    i.HAL_DMA_Start_IT  stm32f1xx_hal_dma.o
    0x080012a8   0x080012a8   0x00000024   Code   RO          999    i.HAL_Delay         stm32f1xx_hal.o
    0x080012cc   0x080012cc   0x000001e0   Code   RO         1309    i.HAL_GPIO_Init     stm32f1xx_hal_gpio.o
    0x080014ac   0x080014ac   0x0000000a   Code   RO         1311    i.HAL_GPIO_ReadPin  stm32f1xx_hal_gpio.o
    0x080014b6   0x080014b6   0x0000000a   Code   RO         1313    i.HAL_GPIO_WritePin  stm32f1xx_hal_gpio.o
    0x080014c0   0x080014c0   0x0000000c   Code   RO         1003    i.HAL_GetTick       stm32f1xx_hal.o
    0x080014cc   0x080014cc   0x00000188   Code   RO         1980    i.HAL_I2C_Init      stm32f1xx_hal_i2c.o
    0x08001654   0x08001654   0x0000012c   Code   RO         1993    i.HAL_I2C_Master_Transmit  stm32f1xx_hal_i2c.o
    0x08001780   0x08001780   0x0000005c   Code   RO          610    i.HAL_I2C_MspInit   stm32f1xx_hal_msp.o
    0x080017dc   0x080017dc   0x00000010   Code   RO         1009    i.HAL_IncTick       stm32f1xx_hal.o
    0x080017ec   0x080017ec   0x00000024   Code   RO         1010    i.HAL_Init          stm32f1xx_hal.o
    0x08001810   0x08001810   0x00000040   Code   RO         1011    i.HAL_InitTick      stm32f1xx_hal.o
    0x08001850   0x08001850   0x0000003c   Code   RO          611    i.HAL_MspInit       stm32f1xx_hal_msp.o
    0x0800188c   0x0800188c   0x0000001a   Code   RO         1469    i.HAL_NVIC_EnableIRQ  stm32f1xx_hal_cortex.o
    0x080018a6   0x080018a6   0x00000002   PAD
    0x080018a8   0x080018a8   0x00000040   Code   RO         1475    i.HAL_NVIC_SetPriority  stm32f1xx_hal_cortex.o
    0x080018e8   0x080018e8   0x00000024   Code   RO         1476    i.HAL_NVIC_SetPriorityGrouping  stm32f1xx_hal_cortex.o
    0x0800190c   0x0800190c   0x000000ec   Code   RO         1271    i.HAL_RCCEx_PeriphCLKConfig  stm32f1xx_hal_rcc_ex.o
    0x080019f8   0x080019f8   0x0000012c   Code   RO         1167    i.HAL_RCC_ClockConfig  stm32f1xx_hal_rcc.o
    0x08001b24   0x08001b24   0x00000020   Code   RO         1174    i.HAL_RCC_GetPCLK1Freq  stm32f1xx_hal_rcc.o
    0x08001b44   0x08001b44   0x0000004c   Code   RO         1176    i.HAL_RCC_GetSysClockFreq  stm32f1xx_hal_rcc.o
    0x08001b90   0x08001b90   0x00000320   Code   RO         1179    i.HAL_RCC_OscConfig  stm32f1xx_hal_rcc.o
    0x08001eb0   0x08001eb0   0x000000b2   Code   RO         2417    i.HAL_SPI_Init      stm32f1xx_hal_spi.o
    0x08001f62   0x08001f62   0x00000002   PAD
    0x08001f64   0x08001f64   0x00000074   Code   RO          613    i.HAL_SPI_MspInit   stm32f1xx_hal_msp.o
    0x08001fd8   0x08001fd8   0x00000166   Code   RO         2425    i.HAL_SPI_Transmit  stm32f1xx_hal_spi.o
    0x0800213e   0x0800213e   0x00000028   Code   RO         1480    i.HAL_SYSTICK_Config  stm32f1xx_hal_cortex.o
    0x08002166   0x08002166   0x00000002   Code   RO         3434    i.HAL_TIMEx_BreakCallback  stm32f1xx_hal_tim_ex.o
    0x08002168   0x08002168   0x00000002   Code   RO         3435    i.HAL_TIMEx_CommutCallback  stm32f1xx_hal_tim_ex.o
    0x0800216a   0x0800216a   0x00000002   PAD
    0x0800216c   0x0800216c   0x00000068   Code   RO         3453    i.HAL_TIMEx_MasterConfigSynchronization  stm32f1xx_hal_tim_ex.o
    0x080021d4   0x080021d4   0x00000058   Code   RO         2735    i.HAL_TIM_Base_Start_IT  stm32f1xx_hal_tim.o
    0x0800222c   0x0800222c   0x00000050   Code   RO          226    i.HAL_TIM_IC_CaptureCallback  main.o
    0x0800227c   0x0800227c   0x00000124   Code   RO         2766    i.HAL_TIM_IC_ConfigChannel  stm32f1xx_hal_tim.o
    0x080023a0   0x080023a0   0x0000005a   Code   RO         2769    i.HAL_TIM_IC_Init   stm32f1xx_hal_tim.o
    0x080023fa   0x080023fa   0x00000002   PAD
    0x080023fc   0x080023fc   0x00000068   Code   RO          615    i.HAL_TIM_IC_MspInit  stm32f1xx_hal_msp.o
    0x08002464   0x08002464   0x000000e4   Code   RO         2774    i.HAL_TIM_IC_Start_IT  stm32f1xx_hal_tim.o
    0x08002548   0x08002548   0x00000130   Code   RO         2778    i.HAL_TIM_IRQHandler  stm32f1xx_hal_tim.o
    0x08002678   0x08002678   0x00000002   Code   RO         2781    i.HAL_TIM_OC_DelayElapsedCallback  stm32f1xx_hal_tim.o
    0x0800267a   0x0800267a   0x00000002   Code   RO         2808    i.HAL_TIM_PWM_PulseFinishedCallback  stm32f1xx_hal_tim.o
    0x0800267c   0x0800267c   0x00000010   Code   RO          227    i.HAL_TIM_PeriodElapsedCallback  main.o
    0x0800268c   0x0800268c   0x00000002   Code   RO         2821    i.HAL_TIM_TriggerCallback  stm32f1xx_hal_tim.o
    0x0800268e   0x0800268e   0x00000002   Code   RO          432    i.HardFault_Handler  stm32f1xx_it.o
    0x08002690   0x08002690   0x0000002e   Code   RO         2023    i.I2C_IsAcknowledgeFailed  stm32f1xx_hal_i2c.o
    0x080026be   0x080026be   0x00000002   PAD
    0x080026c0   0x080026c0   0x0000009c   Code   RO         2027    i.I2C_MasterRequestWrite  stm32f1xx_hal_i2c.o
    0x0800275c   0x0800275c   0x00000056   Code   RO         2038    i.I2C_WaitOnBTFFlagUntilTimeout  stm32f1xx_hal_i2c.o
    0x080027b2   0x080027b2   0x00000002   PAD
    0x080027b4   0x080027b4   0x00000090   Code   RO         2039    i.I2C_WaitOnFlagUntilTimeout  stm32f1xx_hal_i2c.o
    0x08002844   0x08002844   0x000000bc   Code   RO         2040    i.I2C_WaitOnMasterAddressFlagUntilTimeout  stm32f1xx_hal_i2c.o
    0x08002900   0x08002900   0x00000056   Code   RO         2042    i.I2C_WaitOnTXEFlagUntilTimeout  stm32f1xx_hal_i2c.o
    0x08002956   0x08002956   0x00000002   PAD
    0x08002958   0x08002958   0x00000098   Code   RO          228    i.MX_ADC1_Init      main.o
    0x080029f0   0x080029f0   0x000000e0   Code   RO          229    i.MX_GPIO_Init      main.o
    0x08002ad0   0x08002ad0   0x00000040   Code   RO          230    i.MX_SPI2_Init      main.o
    0x08002b10   0x08002b10   0x00000070   Code   RO          231    i.MX_TIM3_Init      main.o
    0x08002b80   0x08002b80   0x00000002   Code   RO          433    i.MemManage_Handler  stm32f1xx_it.o
    0x08002b82   0x08002b82   0x00000002   Code   RO          434    i.NMI_Handler       stm32f1xx_it.o
    0x08002b84   0x08002b84   0x00000002   Code   RO          435    i.PendSV_Handler    stm32f1xx_it.o
    0x08002b86   0x08002b86   0x0000003e   Code   RO          232    i.RPM               main.o
    0x08002bc4   0x08002bc4   0x00000034   Code   RO         2455    i.SPI_EndRxTxTransaction  stm32f1xx_hal_spi.o
    0x08002bf8   0x08002bf8   0x000000b8   Code   RO         2460    i.SPI_WaitFlagStateUntilTimeout  stm32f1xx_hal_spi.o
    0x08002cb0   0x08002cb0   0x00000002   Code   RO          436    i.SVC_Handler       stm32f1xx_it.o
    0x08002cb2   0x08002cb2   0x00000002   PAD
    0x08002cb4   0x08002cb4   0x0000000c   Code   RO          233    i.SimpleKalmanFilter  main.o
    0x08002cc0   0x08002cc0   0x00000004   Code   RO          437    i.SysTick_Handler   stm32f1xx_it.o
    0x08002cc4   0x08002cc4   0x00000078   Code   RO          234    i.SystemClock_Config  main.o
    0x08002d3c   0x08002d3c   0x00000002   Code   RO         3702    i.SystemInit        system_stm32f1xx.o
    0x08002d3e   0x08002d3e   0x0000003a   Code   RO          235    i.THANHRPM          main.o
    0x08002d78   0x08002d78   0x0000000c   Code   RO          438    i.TIM3_IRQHandler   stm32f1xx_it.o
    0x08002d84   0x08002d84   0x00000078   Code   RO         2823    i.TIM_Base_SetConfig  stm32f1xx_hal_tim.o
    0x08002dfc   0x08002dfc   0x0000001a   Code   RO         2824    i.TIM_CCxChannelCmd  stm32f1xx_hal_tim.o
    0x08002e16   0x08002e16   0x00000002   PAD
    0x08002e18   0x08002e18   0x00000058   Code   RO         2842    i.TIM_TI1_SetConfig  stm32f1xx_hal_tim.o
    0x08002e70   0x08002e70   0x00000036   Code   RO         2844    i.TIM_TI2_SetConfig  stm32f1xx_hal_tim.o
    0x08002ea6   0x08002ea6   0x00000002   Code   RO          439    i.UsageFault_Handler  stm32f1xx_it.o
    0x08002ea8   0x08002ea8   0x00000020   Code   RO         1482    i.__NVIC_SetPriority  stm32f1xx_hal_cortex.o
    0x08002ec8   0x08002ec8   0x0000000e   Code   RO         3760    i._is_digit         c_w.l(__printf_wp.o)
    0x08002ed6   0x08002ed6   0x00000002   PAD
    0x08002ed8   0x08002ed8   0x0000077c   Code   RO          238    i.main              main.o
    0x08003654   0x08003654   0x000000e8   Code   RO          239    i.printBigNumberAtRow  main.o
    0x0800373c   0x0800373c   0x00000062   Code   RO         3782    x$fpl$d2f           fz_ws.l(d2f.o)
    0x0800379e   0x0800379e   0x00000018   Code   RO         3859    x$fpl$dcmpinf       fz_ws.l(dcmpi.o)
    0x080037b6   0x080037b6   0x00000002   PAD
    0x080037b8   0x080037b8   0x000002b0   Code   RO         3791    x$fpl$ddiv          fz_ws.l(ddiv.o)
    0x08003a68   0x08003a68   0x00000078   Code   RO         3794    x$fpl$deqf          fz_ws.l(deqf.o)
    0x08003ae0   0x08003ae0   0x0000005e   Code   RO         3796    x$fpl$dfix          fz_ws.l(dfix.o)
    0x08003b3e   0x08003b3e   0x00000002   PAD
    0x08003b40   0x08003b40   0x0000005a   Code   RO         3800    x$fpl$dfixu         fz_ws.l(dfixu.o)
    0x08003b9a   0x08003b9a   0x00000026   Code   RO         3804    x$fpl$dfltu         fz_ws.l(dflt_clz.o)
    0x08003bc0   0x08003bc0   0x00000078   Code   RO         3810    x$fpl$dleqf         fz_ws.l(dleqf.o)
    0x08003c38   0x08003c38   0x00000154   Code   RO         3812    x$fpl$dmul          fz_ws.l(dmul.o)
    0x08003d8c   0x08003d8c   0x0000009c   Code   RO         3861    x$fpl$dnaninf       fz_ws.l(dnaninf.o)
    0x08003e28   0x08003e28   0x0000000c   Code   RO         3863    x$fpl$dretinf       fz_ws.l(dretinf.o)
    0x08003e34   0x08003e34   0x0000006c   Code   RO         3814    x$fpl$drleqf        fz_ws.l(drleqf.o)
    0x08003ea0   0x08003ea0   0x00000056   Code   RO         3816    x$fpl$f2d           fz_ws.l(f2d.o)
    0x08003ef6   0x08003ef6   0x00000018   Code   RO         3865    x$fpl$fcmpinf       fz_ws.l(fcmpi.o)
    0x08003f0e   0x08003f0e   0x00000002   PAD
    0x08003f10   0x08003f10   0x00000030   Code   RO         3829    x$fpl$fflt          fz_ws.l(fflt_clz.o)
    0x08003f40   0x08003f40   0x00000068   Code   RO         3834    x$fpl$fleqf         fz_ws.l(fleqf.o)
    0x08003fa8   0x08003fa8   0x00000102   Code   RO         3836    x$fpl$fmul          fz_ws.l(fmul.o)
    0x080040aa   0x080040aa   0x0000008c   Code   RO         3867    x$fpl$fnaninf       fz_ws.l(fnaninf.o)
    0x08004136   0x08004136   0x0000000a   Code   RO         3869    x$fpl$fretinf       fz_ws.l(fretinf.o)
    0x08004140   0x08004140   0x00000000   Code   RO         3871    x$fpl$usenofp       fz_ws.l(usenofp.o)
    0x08004140   0x08004140   0x00000010   Data   RO          246    .constdata          main.o
    0x08004150   0x08004150   0x00000012   Data   RO         1180    .constdata          stm32f1xx_hal_rcc.o
    0x08004162   0x08004162   0x00000010   Data   RO         3703    .constdata          system_stm32f1xx.o
    0x08004172   0x08004172   0x00000008   Data   RO         3704    .constdata          system_stm32f1xx.o
    0x0800417a   0x0800417a   0x00000011   Data   RO         3768    .constdata          c_w.l(__printf_flags_ss_wp.o)
    0x0800418b   0x0800418b   0x00000001   PAD
    0x0800418c   0x0800418c   0x00000020   Data   RO         4069    Region$$Table       anon$$obj.o


    Execution Region RW_IRAM1 (Exec base: 0x20000000, Load base: 0x080041ac, Size: 0x00000898, Max: 0x00005000, ABSOLUTE)

    Exec Addr    Load Addr    Size         Type   Attr      Idx    E Section Name        Object

    0x20000000   0x080041ac   0x000000b0   Data   RW          247    .data               main.o
    0x200000b0   0x0800425c   0x0000000c   Data   RW         1017    .data               stm32f1xx_hal.o
    0x200000bc   0x08004268   0x00000004   Data   RW         3705    .data               system_stm32f1xx.o
    0x200000c0        -       0x00000130   Zero   RW          244    .bss                main.o
    0x200001f0        -       0x00000044   Zero   RW          245    .bss                main.o
    0x20000234        -       0x00000060   Zero   RW         3931    .bss                c_w.l(libspace.o)
    0x20000294   0x0800426c   0x00000004   PAD
    0x20000298        -       0x00000200   Zero   RW            2    HEAP                startup_stm32f103xb.o
    0x20000498        -       0x00000400   Zero   RW            1    STACK               startup_stm32f103xb.o


==============================================================================

Image component sizes


      Code (inc. data)   RO Data    RW Data    ZI Data      Debug   Object Name

       430          0          0          0          0     451770   clcd_i2c.o
      3884        304         16        176        372      18572   main.o
        64         26        236          0       1536        804   startup_stm32f103xb.o
       164         28          0         12          0       5889   stm32f1xx_hal.o
      1222         62          0          0          0       9288   stm32f1xx_hal_adc.o
       198         14          0          0          0      28935   stm32f1xx_hal_cortex.o
       586         32          0          0          0       3587   stm32f1xx_hal_dma.o
       500         34          0          0          0       3511   stm32f1xx_hal_gpio.o
      1398         32          0          0          0       9093   stm32f1xx_hal_i2c.o
       516         68          0          0          0       3709   stm32f1xx_hal_msp.o
      1208         72         18          0          0       4549   stm32f1xx_hal_rcc.o
       236         12          0          0          0       1380   stm32f1xx_hal_rcc_ex.o
       772          4          0          0          0       4338   stm32f1xx_hal_spi.o
      1296         48          0          0          0      10347   stm32f1xx_hal_tim.o
       108         12          0          0          0       2401   stm32f1xx_hal_tim_ex.o
        44         12          0          0          0     446603   stm32f1xx_it.o
         2          0         24          4          0       1115   system_stm32f1xx.o

    ----------------------------------------------------------------------
     12652        760        326        192       1908    1005891   Object Totals
         0          0         32          0          0          0   (incl. Generated)
        24          0          0          0          0          0   (incl. Padding)

    ----------------------------------------------------------------------

      Code (inc. data)   RO Data    RW Data    ZI Data      Debug   Library Member Name

         8          0          0          0          0         68   __main.o
       392          4         17          0          0         92   __printf_flags_ss_wp.o
        14          0          0          0          0         68   __printf_wp.o
         0          0          0          0          0          0   __rtentry.o
        12          0          0          0          0          0   __rtentry2.o
         6          0          0          0          0          0   __rtentry4.o
        52          8          0          0          0          0   __scatter.o
        26          0          0          0          0          0   __scatter_copy.o
        28          0          0          0          0          0   __scatter_zi.o
        48          6          0          0          0         96   _printf_char_common.o
         6          0          0          0          0          0   _printf_d.o
       120         16          0          0          0         92   _printf_dec.o
       178          0          0          0          0         88   _printf_intcommon.o
        78          0          0          0          0        108   _printf_pad.o
         0          0          0          0          0          0   _printf_percent.o
         4          0          0          0          0          0   _printf_percent_end.o
        10          0          0          0          0         68   _sputc.o
        18          0          0          0          0         80   exit.o
         6          0          0          0          0        152   heapauxi.o
         0          0          0          0          0          0   indicate_semi.o
         2          0          0          0          0          0   libinit.o
         2          0          0          0          0          0   libinit2.o
         2          0          0          0          0          0   libshutdown.o
         2          0          0          0          0          0   libshutdown2.o
         8          4          0          0         96         68   libspace.o
        40          6          0          0          0         84   noretval__2sprintf.o
        78          0          0          0          0         80   rt_memclr_w.o
         2          0          0          0          0          0   rtexit.o
        10          0          0          0          0          0   rtexit2.o
        12          4          0          0          0         68   sys_exit.o
        74          0          0          0          0         80   sys_stackheap_outer.o
         2          0          0          0          0         68   use_no_semi.o
        98          4          0          0          0         92   d2f.o
        24          0          0          0          0         68   dcmpi.o
       688        140          0          0          0        208   ddiv.o
       120          4          0          0          0         92   deqf.o
        94          4          0          0          0         92   dfix.o
        90          4          0          0          0         92   dfixu.o
        38          0          0          0          0         68   dflt_clz.o
       120          4          0          0          0         92   dleqf.o
       340         12          0          0          0        104   dmul.o
       156          4          0          0          0         92   dnaninf.o
        12          0          0          0          0         68   dretinf.o
       108          0          0          0          0         80   drleqf.o
        86          4          0          0          0         84   f2d.o
        24          0          0          0          0         68   fcmpi.o
        48          0          0          0          0         68   fflt_clz.o
       104          4          0          0          0         84   fleqf.o
       258          4          0          0          0         84   fmul.o
       140          4          0          0          0         84   fnaninf.o
        10          0          0          0          0         68   fretinf.o
         0          0          0          0          0          0   usenofp.o

    ----------------------------------------------------------------------
      3816        240         18          0        100       3048   Library Totals
        18          0          1          0          4          0   (incl. Padding)

    ----------------------------------------------------------------------

      Code (inc. data)   RO Data    RW Data    ZI Data      Debug   Library Name

      1240         48         17          0         96       1360   c_w.l
      2558        192          0          0          0       1688   fz_ws.l

    ----------------------------------------------------------------------
      3816        240         18          0        100       3048   Library Totals

    ----------------------------------------------------------------------

==============================================================================


      Code (inc. data)   RO Data    RW Data    ZI Data      Debug   

     16468       1000        344        192       2008    1001915   Grand Totals
     16468       1000        344        192       2008    1001915   ELF Image Totals
     16468       1000        344        192          0          0   ROM Totals

==============================================================================

    Total RO  Size (Code + RO Data)                16812 (  16.42kB)
    Total RW  Size (RW Data + ZI Data)              2200 (   2.15kB)
    Total ROM Size (Code + RO Data + RW Data)      17004 (  16.61kB)

==============================================================================

